Archive member included to satisfy reference by file (symbol)

d:/software_ws/gcc-arm-none-eabi-10.3-2021.10/bin/../lib/gcc/arm-none-eabi/10.3.1/thumb/v7e-m+fp/hard\libgcc.a(_arm_muldf3.o)
                              CMakeFiles/remote_cube_sentry.elf.dir/application/Gimbal.c.obj (__aeabi_dmul)
d:/software_ws/gcc-arm-none-eabi-10.3-2021.10/bin/../lib/gcc/arm-none-eabi/10.3.1/thumb/v7e-m+fp/hard\libgcc.a(_arm_addsubdf3.o)
                              CMakeFiles/remote_cube_sentry.elf.dir/application/steering_wheel.c.obj (__aeabi_dsub)
d:/software_ws/gcc-arm-none-eabi-10.3-2021.10/bin/../lib/gcc/arm-none-eabi/10.3.1/thumb/v7e-m+fp/hard\libgcc.a(_arm_muldivdf3.o)
                              CMakeFiles/remote_cube_sentry.elf.dir/application/travelling_wheel.c.obj (__aeabi_ddiv)
d:/software_ws/gcc-arm-none-eabi-10.3-2021.10/bin/../lib/gcc/arm-none-eabi/10.3.1/thumb/v7e-m+fp/hard\libgcc.a(_arm_truncdfsf2.o)
                              CMakeFiles/remote_cube_sentry.elf.dir/application/Gimbal.c.obj (__aeabi_d2f)
d:/software_ws/gcc-arm-none-eabi-10.3-2021.10/bin/../lib/gcc/arm-none-eabi/10.3.1/thumb/v7e-m+fp/hard\libgcc.a(_aeabi_uldivmod.o)
                              CMakeFiles/remote_cube_sentry.elf.dir/Drivers/STM32F4xx_HAL_Driver/Src/stm32f4xx_hal_rcc.c.obj (__aeabi_uldivmod)
d:/software_ws/gcc-arm-none-eabi-10.3-2021.10/bin/../lib/gcc/arm-none-eabi/10.3.1/thumb/v7e-m+fp/hard\libgcc.a(_udivmoddi4.o)
                              d:/software_ws/gcc-arm-none-eabi-10.3-2021.10/bin/../lib/gcc/arm-none-eabi/10.3.1/thumb/v7e-m+fp/hard\libgcc.a(_aeabi_uldivmod.o) (__udivmoddi4)
d:/software_ws/gcc-arm-none-eabi-10.3-2021.10/bin/../lib/gcc/arm-none-eabi/10.3.1/thumb/v7e-m+fp/hard\libgcc.a(_dvmd_tls.o)
                              d:/software_ws/gcc-arm-none-eabi-10.3-2021.10/bin/../lib/gcc/arm-none-eabi/10.3.1/thumb/v7e-m+fp/hard\libgcc.a(_aeabi_uldivmod.o) (__aeabi_ldiv0)
d:/software_ws/gcc-arm-none-eabi-10.3-2021.10/bin/../lib/gcc/arm-none-eabi/10.3.1/../../../../arm-none-eabi/lib/thumb/v7e-m+fp/hard\libg.a(lib_a-errno.o)
                              CMakeFiles/remote_cube_sentry.elf.dir/Core/Src/syscalls.c.obj (__errno)
d:/software_ws/gcc-arm-none-eabi-10.3-2021.10/bin/../lib/gcc/arm-none-eabi/10.3.1/../../../../arm-none-eabi/lib/thumb/v7e-m+fp/hard\libg.a(lib_a-exit.o)
                              d:/software_ws/gcc-arm-none-eabi-10.3-2021.10/bin/../lib/gcc/arm-none-eabi/10.3.1/../../../../arm-none-eabi/lib/thumb/v7e-m+fp/hard/crt0.o (exit)
d:/software_ws/gcc-arm-none-eabi-10.3-2021.10/bin/../lib/gcc/arm-none-eabi/10.3.1/../../../../arm-none-eabi/lib/thumb/v7e-m+fp/hard\libg.a(lib_a-impure.o)
                              d:/software_ws/gcc-arm-none-eabi-10.3-2021.10/bin/../lib/gcc/arm-none-eabi/10.3.1/../../../../arm-none-eabi/lib/thumb/v7e-m+fp/hard\libg.a(lib_a-exit.o) (_global_impure_ptr)
d:/software_ws/gcc-arm-none-eabi-10.3-2021.10/bin/../lib/gcc/arm-none-eabi/10.3.1/../../../../arm-none-eabi/lib/thumb/v7e-m+fp/hard\libg.a(lib_a-init.o)
                              d:/software_ws/gcc-arm-none-eabi-10.3-2021.10/bin/../lib/gcc/arm-none-eabi/10.3.1/../../../../arm-none-eabi/lib/thumb/v7e-m+fp/hard/crt0.o (__libc_init_array)
d:/software_ws/gcc-arm-none-eabi-10.3-2021.10/bin/../lib/gcc/arm-none-eabi/10.3.1/../../../../arm-none-eabi/lib/thumb/v7e-m+fp/hard\libg.a(lib_a-malloc.o)
                              CMakeFiles/remote_cube_sentry.elf.dir/bsp/bsp_usart.c.obj (malloc)
d:/software_ws/gcc-arm-none-eabi-10.3-2021.10/bin/../lib/gcc/arm-none-eabi/10.3.1/../../../../arm-none-eabi/lib/thumb/v7e-m+fp/hard\libg.a(lib_a-mallocr.o)
                              d:/software_ws/gcc-arm-none-eabi-10.3-2021.10/bin/../lib/gcc/arm-none-eabi/10.3.1/../../../../arm-none-eabi/lib/thumb/v7e-m+fp/hard\libg.a(lib_a-malloc.o) (_malloc_r)
d:/software_ws/gcc-arm-none-eabi-10.3-2021.10/bin/../lib/gcc/arm-none-eabi/10.3.1/../../../../arm-none-eabi/lib/thumb/v7e-m+fp/hard\libg.a(lib_a-memcpy.o)
                              CMakeFiles/remote_cube_sentry.elf.dir/Middlewares/Third_Party/FreeRTOS/Source/queue.c.obj (memcpy)
d:/software_ws/gcc-arm-none-eabi-10.3-2021.10/bin/../lib/gcc/arm-none-eabi/10.3.1/../../../../arm-none-eabi/lib/thumb/v7e-m+fp/hard\libg.a(lib_a-memset.o)
                              d:/software_ws/gcc-arm-none-eabi-10.3-2021.10/bin/../lib/gcc/arm-none-eabi/10.3.1/../../../../arm-none-eabi/lib/thumb/v7e-m+fp/hard/crt0.o (memset)
d:/software_ws/gcc-arm-none-eabi-10.3-2021.10/bin/../lib/gcc/arm-none-eabi/10.3.1/../../../../arm-none-eabi/lib/thumb/v7e-m+fp/hard\libg.a(lib_a-mlock.o)
                              d:/software_ws/gcc-arm-none-eabi-10.3-2021.10/bin/../lib/gcc/arm-none-eabi/10.3.1/../../../../arm-none-eabi/lib/thumb/v7e-m+fp/hard\libg.a(lib_a-mallocr.o) (__malloc_lock)
d:/software_ws/gcc-arm-none-eabi-10.3-2021.10/bin/../lib/gcc/arm-none-eabi/10.3.1/../../../../arm-none-eabi/lib/thumb/v7e-m+fp/hard\libg.a(lib_a-reent.o)
[...]
Memory Configuration

Name             Origin             Length             Attributes
CCMRAM           0x10000000         0x00010000         xrw
RAM              0x20000000         0x00020000         xrw
FLASH            0x08000000         0x00100000         xr
*default*        0x00000000         0xffffffff

Linker script and memory map

LOAD d:/software_ws/gcc-arm-none-eabi-10.3-2021.10/bin/../lib/gcc/arm-none-eabi/10.3.1/thumb/v7e-m+fp/hard/crti.o
LOAD d:/software_ws/gcc-arm-none-eabi-10.3-2021.10/bin/../lib/gcc/arm-none-eabi/10.3.1/thumb/v7e-m+fp/hard/crtbegin.o
LOAD d:/software_ws/gcc-arm-none-eabi-10.3-2021.10/bin/../lib/gcc/arm-none-eabi/10.3.1/../../../../arm-none-eabi/lib/thumb/v7e-m+fp/hard/crt0.o
LOAD CMakeFiles/remote_cube_sentry.elf.dir/Core/Src/adc.c.obj
LOAD CMakeFiles/remote_cube_sentry.elf.dir/Core/Src/can.c.obj
LOAD CMakeFiles/remote_cube_sentry.elf.dir/Core/Src/crc.c.obj
LOAD CMakeFiles/remote_cube_sentry.elf.dir/Core/Src/dma.c.obj
LOAD CMakeFiles/remote_cube_sentry.elf.dir/Core/Src/freertos.c.obj
LOAD CMakeFiles/remote_cube_sentry.elf.dir/Core/Src/gpio.c.obj
LOAD CMakeFiles/remote_cube_sentry.elf.dir/Core/Src/main.c.obj
LOAD CMakeFiles/remote_cube_sentry.elf.dir/Core/Src/rng.c.obj
LOAD CMakeFiles/remote_cube_sentry.elf.dir/Core/Src/spi.c.obj
LOAD CMakeFiles/remote_cube_sentry.elf.dir/Core/Src/stm32f4xx_hal_msp.c.obj
LOAD CMakeFiles/remote_cube_sentry.elf.dir/Core/Src/stm32f4xx_hal_timebase_tim.c.obj
LOAD CMakeFiles/remote_cube_sentry.elf.dir/Core/Src/stm32f4xx_it.c.obj
LOAD CMakeFiles/remote_cube_sentry.elf.dir/Core/Src/syscalls.c.obj
LOAD CMakeFiles/remote_cube_sentry.elf.dir/Core/Src/sysmem.c.obj
LOAD CMakeFiles/remote_cube_sentry.elf.dir/Core/Src/system_stm32f4xx.c.obj
LOAD CMakeFiles/remote_cube_sentry.elf.dir/Core/Src/tim.c.obj
LOAD CMakeFiles/remote_cube_sentry.elf.dir/Core/Src/usart.c.obj
LOAD CMakeFiles/remote_cube_sentry.elf.dir/Core/Startup/startup_stm32f407ighx.s.obj
LOAD CMakeFiles/remote_cube_sentry.elf.dir/Drivers/STM32F4xx_HAL_Driver/Src/stm32f4xx_hal.c.obj
LOAD CMakeFiles/remote_cube_sentry.elf.dir/Drivers/STM32F4xx_HAL_Driver/Src/stm32f4xx_hal_adc.c.obj
LOAD CMakeFiles/remote_cube_sentry.elf.dir/Drivers/STM32F4xx_HAL_Driver/Src/stm32f4xx_hal_adc_ex.c.obj
LOAD CMakeFiles/remote_cube_sentry.elf.dir/Drivers/STM32F4xx_HAL_Driver/Src/stm32f4xx_hal_can.c.obj
LOAD CMakeFiles/remote_cube_sentry.elf.dir/Drivers/STM32F4xx_HAL_Driver/Src/stm32f4xx_hal_cortex.c.obj
LOAD CMakeFiles/remote_cube_sentry.elf.dir/Drivers/STM32F4xx_HAL_Driver/Src/stm32f4xx_hal_crc.c.obj
LOAD CMakeFiles/remote_cube_sentry.elf.dir/Drivers/STM32F4xx_HAL_Driver/Src/stm32f4xx_hal_dma.c.obj
LOAD CMakeFiles/remote_cube_sentry.elf.dir/Drivers/STM32F4xx_HAL_Driver/Src/stm32f4xx_hal_dma_ex.c.obj
LOAD CMakeFiles/remote_cube_sentry.elf.dir/Drivers/STM32F4xx_HAL_Driver/Src/stm32f4xx_hal_exti.c.obj
LOAD CMakeFiles/remote_cube_sentry.elf.dir/Drivers/STM32F4xx_HAL_Driver/Src/stm32f4xx_hal_flash.c.obj
LOAD CMakeFiles/remote_cube_sentry.elf.dir/Drivers/STM32F4xx_HAL_Driver/Src/stm32f4xx_hal_flash_ex.c.obj
LOAD CMakeFiles/remote_cube_sentry.elf.dir/Drivers/STM32F4xx_HAL_Driver/Src/stm32f4xx_hal_flash_ramfunc.c.obj
LOAD CMakeFiles/remote_cube_sentry.elf.dir/Drivers/STM32F4xx_HAL_Driver/Src/stm32f4xx_hal_gpio.c.obj
LOAD CMakeFiles/remote_cube_sentry.elf.dir/Drivers/STM32F4xx_HAL_Driver/Src/stm32f4xx_hal_pcd.c.obj
LOAD CMakeFiles/remote_cube_sentry.elf.dir/Drivers/STM32F4xx_HAL_Driver/Src/stm32f4xx_hal_pcd_ex.c.obj
LOAD CMakeFiles/remote_cube_sentry.elf.dir/Drivers/STM32F4xx_HAL_Driver/Src/stm32f4xx_hal_pwr.c.obj
LOAD CMakeFiles/remote_cube_sentry.elf.dir/Drivers/STM32F4xx_HAL_Driver/Src/stm32f4xx_hal_pwr_ex.c.obj
LOAD CMakeFiles/remote_cube_sentry.elf.dir/Drivers/STM32F4xx_HAL_Driver/Src/stm32f4xx_hal_rcc.c.obj
LOAD CMakeFiles/remote_cube_sentry.elf.dir/Drivers/STM32F4xx_HAL_Driver/Src/stm32f4xx_hal_rcc_ex.c.obj
LOAD CMakeFiles/remote_cube_sentry.elf.dir/Drivers/STM32F4xx_HAL_Driver/Src/stm32f4xx_hal_rng.c.obj
LOAD CMakeFiles/remote_cube_sentry.elf.dir/Drivers/STM32F4xx_HAL_Driver/Src/stm32f4xx_hal_spi.c.obj
LOAD CMakeFiles/remote_cube_sentry.elf.dir/Drivers/STM32F4xx_HAL_Driver/Src/stm32f4xx_hal_tim.c.obj
LOAD CMakeFiles/remote_cube_sentry.elf.dir/Drivers/STM32F4xx_HAL_Driver/Src/stm32f4xx_hal_tim_ex.c.obj
LOAD CMakeFiles/remote_cube_sentry.elf.dir/Drivers/STM32F4xx_HAL_Driver/Src/stm32f4xx_hal_uart.c.obj
LOAD CMakeFiles/remote_cube_sentry.elf.dir/Drivers/STM32F4xx_HAL_Driver/Src/stm32f4xx_ll_adc.c.obj
LOAD CMakeFiles/remote_cube_sentry.elf.dir/Drivers/STM32F4xx_HAL_Driver/Src/stm32f4xx_ll_usb.c.obj
LOAD CMakeFiles/remote_cube_sentry.elf.dir/Middlewares/ST/STM32_USB_Device_Library/Class/CDC/Src/usbd_cdc.c.obj
LOAD CMakeFiles/remote_cube_sentry.elf.dir/Middlewares/ST/STM32_USB_Device_Library/Core/Src/usbd_core.c.obj
LOAD CMakeFiles/remote_cube_sentry.elf.dir/Middlewares/ST/STM32_USB_Device_Library/Core/Src/usbd_ctlreq.c.obj
LOAD CMakeFiles/remote_cube_sentry.elf.dir/Middlewares/ST/STM32_USB_Device_Library/Core/Src/usbd_ioreq.c.obj
LOAD CMakeFiles/remote_cube_sentry.elf.dir/Middlewares/Third_Party/FreeRTOS/Source/CMSIS_RTOS/cmsis_os.c.obj
LOAD CMakeFiles/remote_cube_sentry.elf.dir/Middlewares/Third_Party/FreeRTOS/Source/croutine.c.obj
LOAD CMakeFiles/remote_cube_sentry.elf.dir/Middlewares/Third_Party/FreeRTOS/Source/event_groups.c.obj
LOAD CMakeFiles/remote_cube_sentry.elf.dir/Middlewares/Third_Party/FreeRTOS/Source/list.c.obj
LOAD CMakeFiles/remote_cube_sentry.elf.dir/Middlewares/Third_Party/FreeRTOS/Source/portable/GCC/ARM_CM4F/port.c.obj
LOAD CMakeFiles/remote_cube_sentry.elf.dir/Middlewares/Third_Party/FreeRTOS/Source/portable/MemMang/heap_4.c.obj
LOAD CMakeFiles/remote_cube_sentry.elf.dir/Middlewares/Third_Party/FreeRTOS/Source/queue.c.obj
LOAD CMakeFiles/remote_cube_sentry.elf.dir/Middlewares/Third_Party/FreeRTOS/Source/stream_buffer.c.obj
LOAD CMakeFiles/remote_cube_sentry.elf.dir/Middlewares/Third_Party/FreeRTOS/Source/tasks.c.obj
LOAD CMakeFiles/remote_cube_sentry.elf.dir/Middlewares/Third_Party/FreeRTOS/Source/timers.c.obj
LOAD CMakeFiles/remote_cube_sentry.elf.dir/USB_DEVICE/App/usb_device.c.obj
LOAD CMakeFiles/remote_cube_sentry.elf.dir/USB_DEVICE/App/usbd_cdc_if.c.obj
LOAD CMakeFiles/remote_cube_sentry.elf.dir/USB_DEVICE/App/usbd_desc.c.obj
LOAD CMakeFiles/remote_cube_sentry.elf.dir/USB_DEVICE/Target/usbd_conf.c.obj
LOAD CMakeFiles/remote_cube_sentry.elf.dir/application/Atti.c.obj
LOAD CMakeFiles/remote_cube_sentry.elf.dir/application/Auto.c.obj
LOAD CMakeFiles/remote_cube_sentry.elf.dir/application/Calibrate.c.obj
LOAD CMakeFiles/remote_cube_sentry.elf.dir/application/Cap.c.obj
LOAD CMakeFiles/remote_cube_sentry.elf.dir/application/Chassis.c.obj
LOAD CMakeFiles/remote_cube_sentry.elf.dir/application/Detection.c.obj
LOAD CMakeFiles/remote_cube_sentry.elf.dir/application/Gimbal.c.obj
LOAD CMakeFiles/remote_cube_sentry.elf.dir/application/Referee.c.obj
LOAD CMakeFiles/remote_cube_sentry.elf.dir/application/launcher.c.obj
LOAD CMakeFiles/remote_cube_sentry.elf.dir/application/left_gimbal.c.obj
LOAD CMakeFiles/remote_cube_sentry.elf.dir/application/remote.c.obj
LOAD CMakeFiles/remote_cube_sentry.elf.dir/application/right_gimbal.c.obj
LOAD CMakeFiles/remote_cube_sentry.elf.dir/application/steering_wheel.c.obj
LOAD CMakeFiles/remote_cube_sentry.elf.dir/application/travelling_wheel.c.obj
LOAD CMakeFiles/remote_cube_sentry.elf.dir/application/usb_task.c.obj
LOAD CMakeFiles/remote_cube_sentry.elf.dir/bsp/bsp_adc.c.obj
LOAD CMakeFiles/remote_cube_sentry.elf.dir/bsp/bsp_buzzer.c.obj
LOAD CMakeFiles/remote_cube_sentry.elf.dir/bsp/bsp_can.c.obj
LOAD CMakeFiles/remote_cube_sentry.elf.dir/bsp/bsp_crc32.c.obj
LOAD CMakeFiles/remote_cube_sentry.elf.dir/bsp/bsp_delay.c.obj
LOAD CMakeFiles/remote_cube_sentry.elf.dir/bsp/bsp_dwt.c.obj
LOAD CMakeFiles/remote_cube_sentry.elf.dir/bsp/bsp_flash.c.obj
LOAD CMakeFiles/remote_cube_sentry.elf.dir/bsp/bsp_i2c.c.obj
LOAD CMakeFiles/remote_cube_sentry.elf.dir/bsp/bsp_imu_pwm.c.obj
LOAD CMakeFiles/remote_cube_sentry.elf.dir/bsp/bsp_laser.c.obj
LOAD CMakeFiles/remote_cube_sentry.elf.dir/bsp/bsp_led.c.obj
LOAD CMakeFiles/remote_cube_sentry.elf.dir/bsp/bsp_rc.c.obj
LOAD CMakeFiles/remote_cube_sentry.elf.dir/bsp/bsp_servo_pwm.c.obj
LOAD CMakeFiles/remote_cube_sentry.elf.dir/bsp/bsp_spi.c.obj
LOAD CMakeFiles/remote_cube_sentry.elf.dir/bsp/bsp_usart.c.obj
LOAD CMakeFiles/remote_cube_sentry.elf.dir/component/algorithm/AHRS.c.obj
LOAD CMakeFiles/remote_cube_sentry.elf.dir/component/algorithm/AHRS_MiddleWare.c.obj
LOAD CMakeFiles/remote_cube_sentry.elf.dir/component/algorithm/filter.c.obj
LOAD CMakeFiles/remote_cube_sentry.elf.dir/component/algorithm/ramp.c.obj
LOAD CMakeFiles/remote_cube_sentry.elf.dir/component/algorithm/user_lib.c.obj
LOAD CMakeFiles/remote_cube_sentry.elf.dir/component/comunication/can_common.c.obj
LOAD CMakeFiles/remote_cube_sentry.elf.dir/component/comunication/decode.c.obj
LOAD CMakeFiles/remote_cube_sentry.elf.dir/component/comunication/packet.c.obj
LOAD CMakeFiles/remote_cube_sentry.elf.dir/component/controller/PID.c.obj
LOAD CMakeFiles/remote_cube_sentry.elf.dir/component/devices/BMI088Middleware.c.obj
LOAD CMakeFiles/remote_cube_sentry.elf.dir/component/devices/BMI088driver.c.obj
LOAD CMakeFiles/remote_cube_sentry.elf.dir/component/devices/test.c.obj
LOAD CMakeFiles/remote_cube_sentry.elf.dir/component/support/CRC8_CRC16.c.obj
LOAD CMakeFiles/remote_cube_sentry.elf.dir/component/support/fifo.c.obj
LOAD CMakeFiles/remote_cube_sentry.elf.dir/component/support/mem_mang4.c.obj
LOAD CMakeFiles/remote_cube_sentry.elf.dir/connectivity/can_hardwares.c.obj
LOAD CMakeFiles/remote_cube_sentry.elf.dir/connectivity/spi_hardwares.c.obj
LOAD CMakeFiles/remote_cube_sentry.elf.dir/connectivity/usart_hardwares.c.obj
START GROUP
LOAD d:/software_ws/gcc-arm-none-eabi-10.3-2021.10/bin/../lib/gcc/arm-none-eabi/10.3.1/thumb/v7e-m+fp/hard\libgcc.a
LOAD d:/software_ws/gcc-arm-none-eabi-10.3-2021.10/bin/../lib/gcc/arm-none-eabi/10.3.1/../../../../arm-none-eabi/lib/thumb/v7e-m+fp/hard\libg.a
LOAD d:/software_ws/gcc-arm-none-eabi-10.3-2021.10/bin/../lib/gcc/arm-none-eabi/10.3.1/../../../../arm-none-eabi/lib/thumb/v7e-m+fp/hard\libc.a
END GROUP
LOAD d:/software_ws/gcc-arm-none-eabi-10.3-2021.10/bin/../lib/gcc/arm-none-eabi/10.3.1/thumb/v7e-m+fp/hard/crtend.o
LOAD d:/software_ws/gcc-arm-none-eabi-10.3-2021.10/bin/../lib/gcc/arm-none-eabi/10.3.1/thumb/v7e-m+fp/hard/crtn.o
                0x20020000                _estack = (ORIGIN (RAM) + LENGTH (RAM))
                0x00002000                _Min_Heap_Size = 0x2000
                0x00002000                _Min_Stack_Size = 0x2000

.isr_vector     0x08000000      0x188
                0x08000000                . = ALIGN (0x4)
 *(.isr_vector)
 .isr_vector    0x08000000      0x188 CMakeFiles/remote_cube_sentry.elf.dir/Core/Startup/startup_stm32f407ighx.s.obj
                0x08000000                g_pfnVectors
                0x08000188                . = ALIGN (0x4)

.text           0x080001c0    0x142ac
                0x080001c0                . = ALIGN (0x4)
 *(.text)
 .text          0x080001c0       0x40 d:/software_ws/gcc-arm-none-eabi-10.3-2021.10/bin/../lib/gcc/arm-none-eabi/10.3.1/thumb/v7e-m+fp/hard/crtbegin.o
 .text          0x08000200      0x378 d:/software_ws/gcc-arm-none-eabi-10.3-2021.10/bin/../lib/gcc/arm-none-eabi/10.3.1/thumb/v7e-m+fp/hard\libgcc.a(_arm_addsubdf3.o)
                0x08000200                __aeabi_drsub
                0x08000208                __aeabi_dsub
                0x08000208                __subdf3
                0x0800020c                __aeabi_dadd
                0x0800020c                __adddf3
                0x08000484                __floatunsidf
                0x08000484                __aeabi_ui2d
                0x080004a4                __floatsidf
                0x080004a4                __aeabi_i2d
                0x080004c8                __aeabi_f2d
                0x080004c8                __extendsfdf2
                0x0800050c                __floatundidf
                0x0800050c                __aeabi_ul2d
                0x0800051c                __floatdidf
                0x0800051c                __aeabi_l2d
 .text          0x08000578      0x424 d:/software_ws/gcc-arm-none-eabi-10.3-2021.10/bin/../lib/gcc/arm-none-eabi/10.3.1/thumb/v7e-m+fp/hard\libgcc.a(_arm_muldivdf3.o)
                0x08000578                __aeabi_dmul
                0x08000578                __muldf3
                0x080007cc                __divdf3
                0x080007cc                __aeabi_ddiv
 .text          0x0800099c       0xa0 d:/software_ws/gcc-arm-none-eabi-10.3-2021.10/bin/../lib/gcc/arm-none-eabi/10.3.1/thumb/v7e-m+fp/hard\libgcc.a(_arm_truncdfsf2.o)
                0x0800099c                __truncdfsf2
                0x0800099c                __aeabi_d2f
 .text          0x08000a3c       0x30 d:/software_ws/gcc-arm-none-eabi-10.3-2021.10/bin/../lib/gcc/arm-none-eabi/10.3.1/thumb/v7e-m+fp/hard\libgcc.a(_aeabi_uldivmod.o)
                0x08000a3c                __aeabi_uldivmod
 .text          0x08000a6c      0x2d0 d:/software_ws/gcc-arm-none-eabi-10.3-2021.10/bin/../lib/gcc/arm-none-eabi/10.3.1/thumb/v7e-m+fp/hard\libgcc.a(_udivmoddi4.o)
                0x08000a6c                __udivmoddi4
 .text          0x08000d3c        0x4 d:/software_ws/gcc-arm-none-eabi-10.3-2021.10/bin/../lib/gcc/arm-none-eabi/10.3.1/thumb/v7e-m+fp/hard\libgcc.a(_dvmd_tls.o)
                0x08000d3c                __aeabi_idiv0
                0x08000d3c                __aeabi_ldiv0
 .text          0x08000d40      0x134 d:/software_ws/gcc-arm-none-eabi-10.3-2021.10/bin/../lib/gcc/arm-none-eabi/10.3.1/../../../../arm-none-eabi/lib/thumb/v7e-m+fp/hard\libg.a(lib_a-memcpy.o)
                0x08000d40                memcpy
 *fill*         0x08000e74        0xc 
 .text          0x08000e80       0xdc d:/software_ws/gcc-arm-none-eabi-10.3-2021.10/bin/../lib/gcc/arm-none-eabi/10.3.1/../../../../arm-none-eabi/lib/thumb/v7e-m+fp/hard\libg.a(lib_a-strlen.o)
                0x08000e80                strlen
 .text          0x08000f5c      0x110 d:/software_ws/gcc-arm-none-eabi-10.3-2021.10/bin/../lib/gcc/arm-none-eabi/10.3.1/thumb/v7e-m+fp/hard\libgcc.a(_arm_cmpdf2.o)
                0x08000f5c                __gtdf2
                0x08000f5c                __gedf2
                0x08000f64                __ltdf2
                0x08000f64                __ledf2
                0x08000f6c                __nedf2
                0x08000f6c                __eqdf2
                0x08000f6c                __cmpdf2
                0x08000fe8                __aeabi_cdrcmple
                0x08000ff8                __aeabi_cdcmpeq
                0x08000ff8                __aeabi_cdcmple
                0x08001008                __aeabi_dcmpeq
                0x0800101c                __aeabi_dcmplt
                0x08001030                __aeabi_dcmple
                0x08001044                __aeabi_dcmpge
                0x08001058                __aeabi_dcmpgt
 .text          0x0800106c       0x2c d:/software_ws/gcc-arm-none-eabi-10.3-2021.10/bin/../lib/gcc/arm-none-eabi/10.3.1/thumb/v7e-m+fp/hard\libgcc.a(_arm_unorddf2.o)
                0x0800106c                __unorddf2
                0x0800106c                __aeabi_dcmpun
 *(.text*)
 .text.MX_ADC1_Init
                0x08001098       0x70 CMakeFiles/remote_cube_sentry.elf.dir/Core/Src/adc.c.obj
                0x08001098                MX_ADC1_Init
 .text.HAL_ADC_MspInit
                0x08001108       0x30 CMakeFiles/remote_cube_sentry.elf.dir/Core/Src/adc.c.obj
                0x08001108                HAL_ADC_MspInit
 .text.MX_CAN1_Init
                0x08001138       0x44 CMakeFiles/remote_cube_sentry.elf.dir/Core/Src/can.c.obj
                0x08001138                MX_CAN1_Init
 .text.MX_CAN2_Init
                0x0800117c       0x44 CMakeFiles/remote_cube_sentry.elf.dir/Core/Src/can.c.obj
                0x0800117c                MX_CAN2_Init
 .text.HAL_CAN_MspInit
                0x080011c0      0x148 CMakeFiles/remote_cube_sentry.elf.dir/Core/Src/can.c.obj
                0x080011c0                HAL_CAN_MspInit
 .text.MX_CRC_Init
                0x08001308       0x20 CMakeFiles/remote_cube_sentry.elf.dir/Core/Src/crc.c.obj
                0x08001308                MX_CRC_Init
 .text.HAL_CRC_MspInit
                0x08001328       0x30 CMakeFiles/remote_cube_sentry.elf.dir/Core/Src/crc.c.obj
                0x08001328                HAL_CRC_MspInit
 .text.MX_DMA_Init
                0x08001358       0xa8 CMakeFiles/remote_cube_sentry.elf.dir/Core/Src/dma.c.obj
                0x08001358                MX_DMA_Init
 .text.StartDefaultTask
                0x08001400        0xe CMakeFiles/remote_cube_sentry.elf.dir/Core/Src/freertos.c.obj
                0x08001400                StartDefaultTask
 *fill*         0x0800140e        0x2 
 .text.vApplicationGetIdleTaskMemory
                0x08001410       0x18 CMakeFiles/remote_cube_sentry.elf.dir/Core/Src/freertos.c.obj
                0x08001410                vApplicationGetIdleTaskMemory
 .text.MX_FREERTOS_Init
                0x08001428      0x1d8 CMakeFiles/remote_cube_sentry.elf.dir/Core/Src/freertos.c.obj
                0x08001428                MX_FREERTOS_Init
 .text.MX_GPIO_Init
                0x08001600      0x1b0 CMakeFiles/remote_cube_sentry.elf.dir/Core/Src/gpio.c.obj
                0x08001600                MX_GPIO_Init
 .text.CANx_SendStdData
                0x080017b0       0x44 CMakeFiles/remote_cube_sentry.elf.dir/Core/Src/main.c.obj
                0x080017b0                CANx_SendStdData
 .text.HAL_TIM_PeriodElapsedCallback
                0x080017f4       0x12 CMakeFiles/remote_cube_sentry.elf.dir/Core/Src/main.c.obj
                0x080017f4                HAL_TIM_PeriodElapsedCallback
 .text.Error_Handler
                0x08001806        0x4 CMakeFiles/remote_cube_sentry.elf.dir/Core/Src/main.c.obj
                0x08001806                Error_Handler
 *fill*         0x0800180a        0x2 
 .text.SystemClock_Config
                0x0800180c       0xd4 CMakeFiles/remote_cube_sentry.elf.dir/Core/Src/main.c.obj
                0x0800180c                SystemClock_Config
 .text.main     0x080018e0       0x90 CMakeFiles/remote_cube_sentry.elf.dir/Core/Src/main.c.obj
                0x080018e0                main
 .text.MX_RNG_Init
                0x08001970       0x20 CMakeFiles/remote_cube_sentry.elf.dir/Core/Src/rng.c.obj
                0x08001970                MX_RNG_Init
 .text.HAL_RNG_MspInit
                0x08001990       0x30 CMakeFiles/remote_cube_sentry.elf.dir/Core/Src/rng.c.obj
                0x08001990                HAL_RNG_MspInit
 .text.MX_SPI1_Init
                0x080019c0       0x48 CMakeFiles/remote_cube_sentry.elf.dir/Core/Src/spi.c.obj
                0x080019c0                MX_SPI1_Init
 .text.HAL_SPI_MspInit
                0x08001a08      0x130 CMakeFiles/remote_cube_sentry.elf.dir/Core/Src/spi.c.obj
                0x08001a08                HAL_SPI_MspInit
 .text.HAL_MspInit
                0x08001b38       0x44 CMakeFiles/remote_cube_sentry.elf.dir/Core/Src/stm32f4xx_hal_msp.c.obj
                0x08001b38                HAL_MspInit
 .text.HAL_InitTick
                0x08001b7c       0xa4 CMakeFiles/remote_cube_sentry.elf.dir/Core/Src/stm32f4xx_hal_timebase_tim.c.obj
                0x08001b7c                HAL_InitTick
 .text.NMI_Handler
                0x08001c20        0x2 CMakeFiles/remote_cube_sentry.elf.dir/Core/Src/stm32f4xx_it.c.obj
                0x08001c20                NMI_Handler
 .text.HardFault_Handler
                0x08001c22        0x2 CMakeFiles/remote_cube_sentry.elf.dir/Core/Src/stm32f4xx_it.c.obj
                0x08001c22                HardFault_Handler
 .text.MemManage_Handler
                0x08001c24        0x2 CMakeFiles/remote_cube_sentry.elf.dir/Core/Src/stm32f4xx_it.c.obj
                0x08001c24                MemManage_Handler
 .text.BusFault_Handler
                0x08001c26        0x2 CMakeFiles/remote_cube_sentry.elf.dir/Core/Src/stm32f4xx_it.c.obj
                0x08001c26                BusFault_Handler
 .text.UsageFault_Handler
                0x08001c28        0x2 CMakeFiles/remote_cube_sentry.elf.dir/Core/Src/stm32f4xx_it.c.obj
                0x08001c28                UsageFault_Handler
 .text.DebugMon_Handler
                0x08001c2a        0x2 CMakeFiles/remote_cube_sentry.elf.dir/Core/Src/stm32f4xx_it.c.obj
                0x08001c2a                DebugMon_Handler
 .text.EXTI0_IRQHandler
                0x08001c2c        0xa CMakeFiles/remote_cube_sentry.elf.dir/Core/Src/stm32f4xx_it.c.obj
                0x08001c2c                EXTI0_IRQHandler
 .text.EXTI4_IRQHandler
                0x08001c36        0xa CMakeFiles/remote_cube_sentry.elf.dir/Core/Src/stm32f4xx_it.c.obj
                0x08001c36                EXTI4_IRQHandler
 .text.DMA1_Stream1_IRQHandler
                0x08001c40       0x10 CMakeFiles/remote_cube_sentry.elf.dir/Core/Src/stm32f4xx_it.c.obj
                0x08001c40                DMA1_Stream1_IRQHandler
 .text.CAN1_RX0_IRQHandler
                0x08001c50       0x10 CMakeFiles/remote_cube_sentry.elf.dir/Core/Src/stm32f4xx_it.c.obj
                0x08001c50                CAN1_RX0_IRQHandler
 .text.CAN1_RX1_IRQHandler
                0x08001c60       0x10 CMakeFiles/remote_cube_sentry.elf.dir/Core/Src/stm32f4xx_it.c.obj
                0x08001c60                CAN1_RX1_IRQHandler
 .text.EXTI9_5_IRQHandler
                0x08001c70        0xa CMakeFiles/remote_cube_sentry.elf.dir/Core/Src/stm32f4xx_it.c.obj
                0x08001c70                EXTI9_5_IRQHandler
 *fill*         0x08001c7a        0x2 
 .text.TIM2_IRQHandler
                0x08001c7c       0x10 CMakeFiles/remote_cube_sentry.elf.dir/Core/Src/stm32f4xx_it.c.obj
                0x08001c7c                TIM2_IRQHandler
 .text.DMA2_Stream1_IRQHandler
                0x08001c8c       0x10 CMakeFiles/remote_cube_sentry.elf.dir/Core/Src/stm32f4xx_it.c.obj
                0x08001c8c                DMA2_Stream1_IRQHandler
 .text.DMA2_Stream3_IRQHandler
                0x08001c9c       0x10 CMakeFiles/remote_cube_sentry.elf.dir/Core/Src/stm32f4xx_it.c.obj
                0x08001c9c                DMA2_Stream3_IRQHandler
 .text.CAN2_RX0_IRQHandler
                0x08001cac       0x10 CMakeFiles/remote_cube_sentry.elf.dir/Core/Src/stm32f4xx_it.c.obj
                0x08001cac                CAN2_RX0_IRQHandler
 .text.CAN2_RX1_IRQHandler
                0x08001cbc       0x10 CMakeFiles/remote_cube_sentry.elf.dir/Core/Src/stm32f4xx_it.c.obj
                0x08001cbc                CAN2_RX1_IRQHandler
 .text.OTG_FS_IRQHandler
                0x08001ccc       0x10 CMakeFiles/remote_cube_sentry.elf.dir/Core/Src/stm32f4xx_it.c.obj
                0x08001ccc                OTG_FS_IRQHandler
 .text.DMA2_Stream5_IRQHandler
                0x08001cdc       0x10 CMakeFiles/remote_cube_sentry.elf.dir/Core/Src/stm32f4xx_it.c.obj
                0x08001cdc                DMA2_Stream5_IRQHandler
 .text.DMA2_Stream6_IRQHandler
                0x08001cec       0x10 CMakeFiles/remote_cube_sentry.elf.dir/Core/Src/stm32f4xx_it.c.obj
                0x08001cec                DMA2_Stream6_IRQHandler
 .text.DMA2_Stream7_IRQHandler
                0x08001cfc       0x10 CMakeFiles/remote_cube_sentry.elf.dir/Core/Src/stm32f4xx_it.c.obj
                0x08001cfc                DMA2_Stream7_IRQHandler
 .text._sbrk    0x08001d0c       0x48 CMakeFiles/remote_cube_sentry.elf.dir/Core/Src/sysmem.c.obj
                0x08001d0c                _sbrk
 .text.SystemInit
                0x08001d54       0x14 CMakeFiles/remote_cube_sentry.elf.dir/Core/Src/system_stm32f4xx.c.obj
                0x08001d54                SystemInit
 .text.HAL_TIM_PWM_MspInit
                0x08001d68       0xb4 CMakeFiles/remote_cube_sentry.elf.dir/Core/Src/tim.c.obj
                0x08001d68                HAL_TIM_PWM_MspInit
 .text.HAL_TIM_Base_MspInit
                0x08001e1c       0x78 CMakeFiles/remote_cube_sentry.elf.dir/Core/Src/tim.c.obj
                0x08001e1c                HAL_TIM_Base_MspInit
 .text.HAL_TIM_MspPostInit
                0x08001e94      0x20c CMakeFiles/remote_cube_sentry.elf.dir/Core/Src/tim.c.obj
                0x08001e94                HAL_TIM_MspPostInit
 .text.MX_TIM1_Init
                0x080020a0       0xbc CMakeFiles/remote_cube_sentry.elf.dir/Core/Src/tim.c.obj
                0x080020a0                MX_TIM1_Init
 .text.MX_TIM3_Init
                0x0800215c       0x80 CMakeFiles/remote_cube_sentry.elf.dir/Core/Src/tim.c.obj
                0x0800215c                MX_TIM3_Init
 .text.MX_TIM4_Init
                0x080021dc       0xb0 CMakeFiles/remote_cube_sentry.elf.dir/Core/Src/tim.c.obj
                0x080021dc                MX_TIM4_Init
 .text.MX_TIM5_Init
                0x0800228c       0xd4 CMakeFiles/remote_cube_sentry.elf.dir/Core/Src/tim.c.obj
                0x0800228c                MX_TIM5_Init
 .text.MX_TIM8_Init
                0x08002360       0xc0 CMakeFiles/remote_cube_sentry.elf.dir/Core/Src/tim.c.obj
                0x08002360                MX_TIM8_Init
 .text.MX_TIM10_Init
                0x08002420       0x74 CMakeFiles/remote_cube_sentry.elf.dir/Core/Src/tim.c.obj
                0x08002420                MX_TIM10_Init
 .text.MX_USART1_UART_Init
                0x08002494       0x34 CMakeFiles/remote_cube_sentry.elf.dir/Core/Src/usart.c.obj
                0x08002494                MX_USART1_UART_Init
 .text.MX_USART3_UART_Init
                0x080024c8       0x3c CMakeFiles/remote_cube_sentry.elf.dir/Core/Src/usart.c.obj
                0x080024c8                MX_USART3_UART_Init
 .text.MX_USART6_UART_Init
                0x08002504       0x34 CMakeFiles/remote_cube_sentry.elf.dir/Core/Src/usart.c.obj
                0x08002504                MX_USART6_UART_Init
 .text.HAL_UART_MspInit
                0x08002538      0x2d0 CMakeFiles/remote_cube_sentry.elf.dir/Core/Src/usart.c.obj
                0x08002538                HAL_UART_MspInit
 .text.Reset_Handler
                0x08002808       0x50 CMakeFiles/remote_cube_sentry.elf.dir/Core/Startup/startup_stm32f407ighx.s.obj
                0x08002808                Reset_Handler
 .text.Default_Handler
                0x08002858        0x2 CMakeFiles/remote_cube_sentry.elf.dir/Core/Startup/startup_stm32f407ighx.s.obj
                0x08002858                RTC_Alarm_IRQHandler
                0x08002858                HASH_RNG_IRQHandler
                0x08002858                EXTI2_IRQHandler
                0x08002858                TIM8_CC_IRQHandler
                0x08002858                TIM1_CC_IRQHandler
                0x08002858                DMA1_Stream5_IRQHandler
                0x08002858                PVD_IRQHandler
                0x08002858                SDIO_IRQHandler
                0x08002858                TAMP_STAMP_IRQHandler
                0x08002858                EXTI3_IRQHandler
                0x08002858                TIM8_TRG_COM_TIM14_IRQHandler
                0x08002858                TIM1_UP_TIM10_IRQHandler
                0x08002858                TIM8_UP_TIM13_IRQHandler
                0x08002858                I2C3_ER_IRQHandler
                0x08002858                I2C2_EV_IRQHandler
                0x08002858                DMA1_Stream2_IRQHandler
                0x08002858                FPU_IRQHandler
                0x08002858                OTG_HS_WKUP_IRQHandler
                0x08002858                CAN2_SCE_IRQHandler
                0x08002858                SPI1_IRQHandler
                0x08002858                TIM6_DAC_IRQHandler
                0x08002858                TIM1_BRK_TIM9_IRQHandler
                0x08002858                DCMI_IRQHandler
                0x08002858                UART5_IRQHandler
                0x08002858                DMA2_Stream0_IRQHandler
                0x08002858                TIM4_IRQHandler
                0x08002858                I2C1_EV_IRQHandler
                0x08002858                DMA1_Stream6_IRQHandler
                0x08002858                UART4_IRQHandler
                0x08002858                TIM3_IRQHandler
                0x08002858                RCC_IRQHandler
                0x08002858                TIM8_BRK_TIM12_IRQHandler
                0x08002858                Default_Handler
                0x08002858                EXTI15_10_IRQHandler
                0x08002858                ADC_IRQHandler
                0x08002858                DMA1_Stream7_IRQHandler
                0x08002858                TIM7_IRQHandler
                0x08002858                CAN2_TX_IRQHandler
                0x08002858                TIM5_IRQHandler
                0x08002858                I2C3_EV_IRQHandler
                0x08002858                RTC_WKUP_IRQHandler
                0x08002858                ETH_WKUP_IRQHandler
                0x08002858                SPI2_IRQHandler
                0x08002858                OTG_HS_EP1_IN_IRQHandler
                0x08002858                DMA1_Stream0_IRQHandler
                0x08002858                CAN1_TX_IRQHandler
                0x08002858                FSMC_IRQHandler
                0x08002858                ETH_IRQHandler
                0x08002858                OTG_HS_EP1_OUT_IRQHandler
                0x08002858                WWDG_IRQHandler
                0x08002858                OTG_FS_WKUP_IRQHandler
                0x08002858                TIM1_TRG_COM_TIM11_IRQHandler
                0x08002858                OTG_HS_IRQHandler
                0x08002858                EXTI1_IRQHandler
                0x08002858                USART2_IRQHandler
                0x08002858                I2C2_ER_IRQHandler
                0x08002858                CAN1_SCE_IRQHandler
                0x08002858                FLASH_IRQHandler
                0x08002858                DMA2_Stream4_IRQHandler
                0x08002858                SPI3_IRQHandler
                0x08002858                DMA1_Stream4_IRQHandler
                0x08002858                I2C1_ER_IRQHandler
                0x08002858                DMA1_Stream3_IRQHandler
 *fill*         0x0800285a        0x2 
 .text.HAL_Init
                0x0800285c       0x34 CMakeFiles/remote_cube_sentry.elf.dir/Drivers/STM32F4xx_HAL_Driver/Src/stm32f4xx_hal.c.obj
                0x0800285c                HAL_Init
 .text.HAL_IncTick
                0x08002890       0x18 CMakeFiles/remote_cube_sentry.elf.dir/Drivers/STM32F4xx_HAL_Driver/Src/stm32f4xx_hal.c.obj
                0x08002890                HAL_IncTick
 .text.HAL_GetTick
                0x080028a8        0xc CMakeFiles/remote_cube_sentry.elf.dir/Drivers/STM32F4xx_HAL_Driver/Src/stm32f4xx_hal.c.obj
                0x080028a8                HAL_GetTick
 .text.HAL_Delay
                0x080028b4       0x28 CMakeFiles/remote_cube_sentry.elf.dir/Drivers/STM32F4xx_HAL_Driver/Src/stm32f4xx_hal.c.obj
                0x080028b4                HAL_Delay
 .text.ADC_Init
                0x080028dc      0x134 CMakeFiles/remote_cube_sentry.elf.dir/Drivers/STM32F4xx_HAL_Driver/Src/stm32f4xx_hal_adc.c.obj
 .text.HAL_ADC_Init
                0x08002a10       0x56 CMakeFiles/remote_cube_sentry.elf.dir/Drivers/STM32F4xx_HAL_Driver/Src/stm32f4xx_hal_adc.c.obj
                0x08002a10                HAL_ADC_Init
 *fill*         0x08002a66        0x2 
 .text.HAL_ADC_Start
                0x08002a68      0x144 CMakeFiles/remote_cube_sentry.elf.dir/Drivers/STM32F4xx_HAL_Driver/Src/stm32f4xx_hal_adc.c.obj
                0x08002a68                HAL_ADC_Start
 .text.HAL_ADC_PollForConversion
                0x08002bac       0xb8 CMakeFiles/remote_cube_sentry.elf.dir/Drivers/STM32F4xx_HAL_Driver/Src/stm32f4xx_hal_adc.c.obj
                0x08002bac                HAL_ADC_PollForConversion
 .text.HAL_ADC_GetValue
                0x08002c64        0x6 CMakeFiles/remote_cube_sentry.elf.dir/Drivers/STM32F4xx_HAL_Driver/Src/stm32f4xx_hal_adc.c.obj
                0x08002c64                HAL_ADC_GetValue
 *fill*         0x08002c6a        0x2 
 .text.HAL_ADC_ConfigChannel
                0x08002c6c      0x198 CMakeFiles/remote_cube_sentry.elf.dir/Drivers/STM32F4xx_HAL_Driver/Src/stm32f4xx_hal_adc.c.obj
                0x08002c6c                HAL_ADC_ConfigChannel
 .text.HAL_CAN_Init
                0x08002e04      0x14c CMakeFiles/remote_cube_sentry.elf.dir/Drivers/STM32F4xx_HAL_Driver/Src/stm32f4xx_hal_can.c.obj
                0x08002e04                HAL_CAN_Init
 .text.HAL_CAN_ConfigFilter
                0x08002f50      0x138 CMakeFiles/remote_cube_sentry.elf.dir/Drivers/STM32F4xx_HAL_Driver/Src/stm32f4xx_hal_can.c.obj
                0x08002f50                HAL_CAN_ConfigFilter
 .text.HAL_CAN_Start
                0x08003088       0x5c CMakeFiles/remote_cube_sentry.elf.dir/Drivers/STM32F4xx_HAL_Driver/Src/stm32f4xx_hal_can.c.obj
                0x08003088                HAL_CAN_Start
 .text.HAL_CAN_AddTxMessage
                0x080030e4       0xfc CMakeFiles/remote_cube_sentry.elf.dir/Drivers/STM32F4xx_HAL_Driver/Src/stm32f4xx_hal_can.c.obj
                0x080030e4                HAL_CAN_AddTxMessage
 .text.HAL_CAN_GetRxMessage
                0x080031e0      0x14a CMakeFiles/remote_cube_sentry.elf.dir/Drivers/STM32F4xx_HAL_Driver/Src/stm32f4xx_hal_can.c.obj
                0x080031e0                HAL_CAN_GetRxMessage
 .text.HAL_CAN_GetRxFifoFillLevel
                0x0800332a       0x26 CMakeFiles/remote_cube_sentry.elf.dir/Drivers/STM32F4xx_HAL_Driver/Src/stm32f4xx_hal_can.c.obj
                0x0800332a                HAL_CAN_GetRxFifoFillLevel
 .text.HAL_CAN_ActivateNotification
                0x08003350       0x24 CMakeFiles/remote_cube_sentry.elf.dir/Drivers/STM32F4xx_HAL_Driver/Src/stm32f4xx_hal_can.c.obj
                0x08003350                HAL_CAN_ActivateNotification
 .text.HAL_CAN_TxMailbox0CompleteCallback
                0x08003374        0x2 CMakeFiles/remote_cube_sentry.elf.dir/Drivers/STM32F4xx_HAL_Driver/Src/stm32f4xx_hal_can.c.obj
                0x08003374                HAL_CAN_TxMailbox0CompleteCallback
 .text.HAL_CAN_TxMailbox1CompleteCallback
                0x08003376        0x2 CMakeFiles/remote_cube_sentry.elf.dir/Drivers/STM32F4xx_HAL_Driver/Src/stm32f4xx_hal_can.c.obj
                0x08003376                HAL_CAN_TxMailbox1CompleteCallback
 .text.HAL_CAN_TxMailbox2CompleteCallback
                0x08003378        0x2 CMakeFiles/remote_cube_sentry.elf.dir/Drivers/STM32F4xx_HAL_Driver/Src/stm32f4xx_hal_can.c.obj
                0x08003378                HAL_CAN_TxMailbox2CompleteCallback
 .text.HAL_CAN_TxMailbox0AbortCallback
                0x0800337a        0x2 CMakeFiles/remote_cube_sentry.elf.dir/Drivers/STM32F4xx_HAL_Driver/Src/stm32f4xx_hal_can.c.obj
                0x0800337a                HAL_CAN_TxMailbox0AbortCallback
 .text.HAL_CAN_TxMailbox1AbortCallback
                0x0800337c        0x2 CMakeFiles/remote_cube_sentry.elf.dir/Drivers/STM32F4xx_HAL_Driver/Src/stm32f4xx_hal_can.c.obj
                0x0800337c                HAL_CAN_TxMailbox1AbortCallback
 .text.HAL_CAN_TxMailbox2AbortCallback
                0x0800337e        0x2 CMakeFiles/remote_cube_sentry.elf.dir/Drivers/STM32F4xx_HAL_Driver/Src/stm32f4xx_hal_can.c.obj
                0x0800337e                HAL_CAN_TxMailbox2AbortCallback
 .text.HAL_CAN_RxFifo0FullCallback
                0x08003380        0x2 CMakeFiles/remote_cube_sentry.elf.dir/Drivers/STM32F4xx_HAL_Driver/Src/stm32f4xx_hal_can.c.obj
                0x08003380                HAL_CAN_RxFifo0FullCallback
 .text.HAL_CAN_RxFifo1FullCallback
                0x08003382        0x2 CMakeFiles/remote_cube_sentry.elf.dir/Drivers/STM32F4xx_HAL_Driver/Src/stm32f4xx_hal_can.c.obj
                0x08003382                HAL_CAN_RxFifo1FullCallback
 .text.HAL_CAN_SleepCallback
                0x08003384        0x2 CMakeFiles/remote_cube_sentry.elf.dir/Drivers/STM32F4xx_HAL_Driver/Src/stm32f4xx_hal_can.c.obj
                0x08003384                HAL_CAN_SleepCallback
 .text.HAL_CAN_WakeUpFromRxMsgCallback
                0x08003386        0x2 CMakeFiles/remote_cube_sentry.elf.dir/Drivers/STM32F4xx_HAL_Driver/Src/stm32f4xx_hal_can.c.obj
                0x08003386                HAL_CAN_WakeUpFromRxMsgCallback
 .text.HAL_CAN_ErrorCallback
                0x08003388        0x2 CMakeFiles/remote_cube_sentry.elf.dir/Drivers/STM32F4xx_HAL_Driver/Src/stm32f4xx_hal_can.c.obj
                0x08003388                HAL_CAN_ErrorCallback
 .text.HAL_CAN_IRQHandler
                0x0800338a      0x24a CMakeFiles/remote_cube_sentry.elf.dir/Drivers/STM32F4xx_HAL_Driver/Src/stm32f4xx_hal_can.c.obj
                0x0800338a                HAL_CAN_IRQHandler
 .text.HAL_NVIC_SetPriorityGrouping
                0x080035d4       0x24 CMakeFiles/remote_cube_sentry.elf.dir/Drivers/STM32F4xx_HAL_Driver/Src/stm32f4xx_hal_cortex.c.obj
                0x080035d4                HAL_NVIC_SetPriorityGrouping
 .text.HAL_NVIC_SetPriority
                0x080035f8       0x70 CMakeFiles/remote_cube_sentry.elf.dir/Drivers/STM32F4xx_HAL_Driver/Src/stm32f4xx_hal_cortex.c.obj
                0x080035f8                HAL_NVIC_SetPriority
 .text.HAL_NVIC_EnableIRQ
                0x08003668       0x1c CMakeFiles/remote_cube_sentry.elf.dir/Drivers/STM32F4xx_HAL_Driver/Src/stm32f4xx_hal_cortex.c.obj
                0x08003668                HAL_NVIC_EnableIRQ
 .text.HAL_CRC_Init
                0x08003684       0x1e CMakeFiles/remote_cube_sentry.elf.dir/Drivers/STM32F4xx_HAL_Driver/Src/stm32f4xx_hal_crc.c.obj
                0x08003684                HAL_CRC_Init
 .text.DMA_SetConfig
                0x080036a2       0x2c CMakeFiles/remote_cube_sentry.elf.dir/Drivers/STM32F4xx_HAL_Driver/Src/stm32f4xx_hal_dma.c.obj
 *fill*         0x080036ce        0x2 
 .text.DMA_CalcBaseAndBitshift
                0x080036d0       0x44 CMakeFiles/remote_cube_sentry.elf.dir/Drivers/STM32F4xx_HAL_Driver/Src/stm32f4xx_hal_dma.c.obj
 .text.DMA_CheckFifoParam
                0x08003714       0x8e CMakeFiles/remote_cube_sentry.elf.dir/Drivers/STM32F4xx_HAL_Driver/Src/stm32f4xx_hal_dma.c.obj
 *fill*         0x080037a2        0x2 
 .text.HAL_DMA_Init
                0x080037a4       0xcc CMakeFiles/remote_cube_sentry.elf.dir/Drivers/STM32F4xx_HAL_Driver/Src/stm32f4xx_hal_dma.c.obj
                0x080037a4                HAL_DMA_Init
 .text.HAL_DMA_Start_IT
                0x08003870       0x6a CMakeFiles/remote_cube_sentry.elf.dir/Drivers/STM32F4xx_HAL_Driver/Src/stm32f4xx_hal_dma.c.obj
                0x08003870                HAL_DMA_Start_IT
 *fill*         0x080038da        0x2 
 .text.HAL_DMA_IRQHandler
                0x080038dc      0x1dc CMakeFiles/remote_cube_sentry.elf.dir/Drivers/STM32F4xx_HAL_Driver/Src/stm32f4xx_hal_dma.c.obj
                0x080038dc                HAL_DMA_IRQHandler
 .text.FLASH_Program_DoubleWord
                0x08003ab8       0x30 CMakeFiles/remote_cube_sentry.elf.dir/Drivers/STM32F4xx_HAL_Driver/Src/stm32f4xx_hal_flash.c.obj
 .text.FLASH_Program_Word
                0x08003ae8       0x24 CMakeFiles/remote_cube_sentry.elf.dir/Drivers/STM32F4xx_HAL_Driver/Src/stm32f4xx_hal_flash.c.obj
 .text.FLASH_Program_HalfWord
                0x08003b0c       0x24 CMakeFiles/remote_cube_sentry.elf.dir/Drivers/STM32F4xx_HAL_Driver/Src/stm32f4xx_hal_flash.c.obj
 .text.FLASH_Program_Byte
                0x08003b30       0x20 CMakeFiles/remote_cube_sentry.elf.dir/Drivers/STM32F4xx_HAL_Driver/Src/stm32f4xx_hal_flash.c.obj
 .text.FLASH_SetErrorCode
                0x08003b50       0x8c CMakeFiles/remote_cube_sentry.elf.dir/Drivers/STM32F4xx_HAL_Driver/Src/stm32f4xx_hal_flash.c.obj
 .text.HAL_FLASH_Unlock
                0x08003bdc       0x30 CMakeFiles/remote_cube_sentry.elf.dir/Drivers/STM32F4xx_HAL_Driver/Src/stm32f4xx_hal_flash.c.obj
                0x08003bdc                HAL_FLASH_Unlock
 .text.HAL_FLASH_Lock
                0x08003c0c       0x14 CMakeFiles/remote_cube_sentry.elf.dir/Drivers/STM32F4xx_HAL_Driver/Src/stm32f4xx_hal_flash.c.obj
                0x08003c0c                HAL_FLASH_Lock
 .text.FLASH_WaitForLastOperation
                0x08003c20       0x60 CMakeFiles/remote_cube_sentry.elf.dir/Drivers/STM32F4xx_HAL_Driver/Src/stm32f4xx_hal_flash.c.obj
                0x08003c20                FLASH_WaitForLastOperation
 .text.HAL_FLASH_Program
                0x08003c80       0x7c CMakeFiles/remote_cube_sentry.elf.dir/Drivers/STM32F4xx_HAL_Driver/Src/stm32f4xx_hal_flash.c.obj
                0x08003c80                HAL_FLASH_Program
 .text.FLASH_MassErase
                0x08003cfc       0x24 CMakeFiles/remote_cube_sentry.elf.dir/Drivers/STM32F4xx_HAL_Driver/Src/stm32f4xx_hal_flash_ex.c.obj
 .text.FLASH_Erase_Sector
                0x08003d20       0x54 CMakeFiles/remote_cube_sentry.elf.dir/Drivers/STM32F4xx_HAL_Driver/Src/stm32f4xx_hal_flash_ex.c.obj
                0x08003d20                FLASH_Erase_Sector
 .text.FLASH_FlushCaches
                0x08003d74       0x60 CMakeFiles/remote_cube_sentry.elf.dir/Drivers/STM32F4xx_HAL_Driver/Src/stm32f4xx_hal_flash_ex.c.obj
                0x08003d74                FLASH_FlushCaches
 .text.HAL_FLASHEx_Erase
                0x08003dd4       0x94 CMakeFiles/remote_cube_sentry.elf.dir/Drivers/STM32F4xx_HAL_Driver/Src/stm32f4xx_hal_flash_ex.c.obj
                0x08003dd4                HAL_FLASHEx_Erase
 .text.HAL_GPIO_Init
                0x08003e68      0x1e4 CMakeFiles/remote_cube_sentry.elf.dir/Drivers/STM32F4xx_HAL_Driver/Src/stm32f4xx_hal_gpio.c.obj
                0x08003e68                HAL_GPIO_Init
 .text.HAL_GPIO_WritePin
                0x0800404c        0xc CMakeFiles/remote_cube_sentry.elf.dir/Drivers/STM32F4xx_HAL_Driver/Src/stm32f4xx_hal_gpio.c.obj
                0x0800404c                HAL_GPIO_WritePin
 .text.HAL_GPIO_EXTI_IRQHandler
                0x08004058       0x1c CMakeFiles/remote_cube_sentry.elf.dir/Drivers/STM32F4xx_HAL_Driver/Src/stm32f4xx_hal_gpio.c.obj
                0x08004058                HAL_GPIO_EXTI_IRQHandler
 .text.PCD_WriteEmptyTxFifo
                0x08004074       0xd0 CMakeFiles/remote_cube_sentry.elf.dir/Drivers/STM32F4xx_HAL_Driver/Src/stm32f4xx_hal_pcd.c.obj
 .text.HAL_PCD_Init
                0x08004144      0x12e CMakeFiles/remote_cube_sentry.elf.dir/Drivers/STM32F4xx_HAL_Driver/Src/stm32f4xx_hal_pcd.c.obj
                0x08004144                HAL_PCD_Init
 .text.HAL_PCD_Start
                0x08004272       0x42 CMakeFiles/remote_cube_sentry.elf.dir/Drivers/STM32F4xx_HAL_Driver/Src/stm32f4xx_hal_pcd.c.obj
                0x08004272                HAL_PCD_Start
 .text.PCD_EP_OutXfrComplete_int
                0x080042b4      0x104 CMakeFiles/remote_cube_sentry.elf.dir/Drivers/STM32F4xx_HAL_Driver/Src/stm32f4xx_hal_pcd.c.obj
 .text.PCD_EP_OutSetupPacket_int
                0x080043b8       0x50 CMakeFiles/remote_cube_sentry.elf.dir/Drivers/STM32F4xx_HAL_Driver/Src/stm32f4xx_hal_pcd.c.obj
 .text.HAL_PCD_SetAddress
                0x08004408       0x28 CMakeFiles/remote_cube_sentry.elf.dir/Drivers/STM32F4xx_HAL_Driver/Src/stm32f4xx_hal_pcd.c.obj
                0x08004408                HAL_PCD_SetAddress
 .text.HAL_PCD_EP_Open
                0x08004430       0x8a CMakeFiles/remote_cube_sentry.elf.dir/Drivers/STM32F4xx_HAL_Driver/Src/stm32f4xx_hal_pcd.c.obj
                0x08004430                HAL_PCD_EP_Open
 .text.HAL_PCD_EP_Close
                0x080044ba       0x72 CMakeFiles/remote_cube_sentry.elf.dir/Drivers/STM32F4xx_HAL_Driver/Src/stm32f4xx_hal_pcd.c.obj
                0x080044ba                HAL_PCD_EP_Close
 .text.HAL_PCD_EP_Receive
                0x0800452c       0x5e CMakeFiles/remote_cube_sentry.elf.dir/Drivers/STM32F4xx_HAL_Driver/Src/stm32f4xx_hal_pcd.c.obj
                0x0800452c                HAL_PCD_EP_Receive
 .text.HAL_PCD_EP_GetRxCount
                0x0800458a       0x12 CMakeFiles/remote_cube_sentry.elf.dir/Drivers/STM32F4xx_HAL_Driver/Src/stm32f4xx_hal_pcd.c.obj
                0x0800458a                HAL_PCD_EP_GetRxCount
 .text.HAL_PCD_EP_Transmit
                0x0800459c       0x5e CMakeFiles/remote_cube_sentry.elf.dir/Drivers/STM32F4xx_HAL_Driver/Src/stm32f4xx_hal_pcd.c.obj
                0x0800459c                HAL_PCD_EP_Transmit
 .text.HAL_PCD_EP_SetStall
                0x080045fa       0x88 CMakeFiles/remote_cube_sentry.elf.dir/Drivers/STM32F4xx_HAL_Driver/Src/stm32f4xx_hal_pcd.c.obj
                0x080045fa                HAL_PCD_EP_SetStall
 .text.HAL_PCD_EP_ClrStall
                0x08004682       0x76 CMakeFiles/remote_cube_sentry.elf.dir/Drivers/STM32F4xx_HAL_Driver/Src/stm32f4xx_hal_pcd.c.obj
                0x08004682                HAL_PCD_EP_ClrStall
 .text.HAL_PCD_EP_Abort
                0x080046f8       0x34 CMakeFiles/remote_cube_sentry.elf.dir/Drivers/STM32F4xx_HAL_Driver/Src/stm32f4xx_hal_pcd.c.obj
                0x080046f8                HAL_PCD_EP_Abort
 .text.HAL_PCD_IRQHandler
                0x0800472c      0x5c4 CMakeFiles/remote_cube_sentry.elf.dir/Drivers/STM32F4xx_HAL_Driver/Src/stm32f4xx_hal_pcd.c.obj
                0x0800472c                HAL_PCD_IRQHandler
 .text.HAL_PCDEx_SetTxFiFo
                0x08004cf0       0x4c CMakeFiles/remote_cube_sentry.elf.dir/Drivers/STM32F4xx_HAL_Driver/Src/stm32f4xx_hal_pcd_ex.c.obj
                0x08004cf0                HAL_PCDEx_SetTxFiFo
 .text.HAL_PCDEx_SetRxFiFo
                0x08004d3c        0x8 CMakeFiles/remote_cube_sentry.elf.dir/Drivers/STM32F4xx_HAL_Driver/Src/stm32f4xx_hal_pcd_ex.c.obj
                0x08004d3c                HAL_PCDEx_SetRxFiFo
 .text.HAL_PCDEx_LPM_Callback
                0x08004d44        0x2 CMakeFiles/remote_cube_sentry.elf.dir/Drivers/STM32F4xx_HAL_Driver/Src/stm32f4xx_hal_pcd_ex.c.obj
                0x08004d44                HAL_PCDEx_LPM_Callback
 *fill*         0x08004d46        0x2 
 .text.HAL_RCC_OscConfig
                0x08004d48      0x3f8 CMakeFiles/remote_cube_sentry.elf.dir/Drivers/STM32F4xx_HAL_Driver/Src/stm32f4xx_hal_rcc.c.obj
                0x08004d48                HAL_RCC_OscConfig
 .text.HAL_RCC_GetSysClockFreq
                0x08005140       0xa4 CMakeFiles/remote_cube_sentry.elf.dir/Drivers/STM32F4xx_HAL_Driver/Src/stm32f4xx_hal_rcc.c.obj
                0x08005140                HAL_RCC_GetSysClockFreq
 .text.HAL_RCC_ClockConfig
                0x080051e4      0x160 CMakeFiles/remote_cube_sentry.elf.dir/Drivers/STM32F4xx_HAL_Driver/Src/stm32f4xx_hal_rcc.c.obj
                0x080051e4                HAL_RCC_ClockConfig
 .text.HAL_RCC_GetHCLKFreq
                0x08005344        0xc CMakeFiles/remote_cube_sentry.elf.dir/Drivers/STM32F4xx_HAL_Driver/Src/stm32f4xx_hal_rcc.c.obj
                0x08005344                HAL_RCC_GetHCLKFreq
 .text.HAL_RCC_GetPCLK1Freq
                0x08005350       0x20 CMakeFiles/remote_cube_sentry.elf.dir/Drivers/STM32F4xx_HAL_Driver/Src/stm32f4xx_hal_rcc.c.obj
                0x08005350                HAL_RCC_GetPCLK1Freq
 .text.HAL_RCC_GetPCLK2Freq
                0x08005370       0x20 CMakeFiles/remote_cube_sentry.elf.dir/Drivers/STM32F4xx_HAL_Driver/Src/stm32f4xx_hal_rcc.c.obj
                0x08005370                HAL_RCC_GetPCLK2Freq
 .text.HAL_RCC_GetClockConfig
                0x08005390       0x3c CMakeFiles/remote_cube_sentry.elf.dir/Drivers/STM32F4xx_HAL_Driver/Src/stm32f4xx_hal_rcc.c.obj
                0x08005390                HAL_RCC_GetClockConfig
 .text.HAL_RNG_Init
                0x080053cc       0x2e CMakeFiles/remote_cube_sentry.elf.dir/Drivers/STM32F4xx_HAL_Driver/Src/stm32f4xx_hal_rng.c.obj
                0x080053cc                HAL_RNG_Init
 *fill*         0x080053fa        0x2 
 .text.SPI_WaitFlagStateUntilTimeout
                0x080053fc       0xd4 CMakeFiles/remote_cube_sentry.elf.dir/Drivers/STM32F4xx_HAL_Driver/Src/stm32f4xx_hal_spi.c.obj
 .text.SPI_EndRxTxTransaction
                0x080054d0       0x68 CMakeFiles/remote_cube_sentry.elf.dir/Drivers/STM32F4xx_HAL_Driver/Src/stm32f4xx_hal_spi.c.obj
 .text.HAL_SPI_Init
                0x08005538       0xbe CMakeFiles/remote_cube_sentry.elf.dir/Drivers/STM32F4xx_HAL_Driver/Src/stm32f4xx_hal_spi.c.obj
                0x08005538                HAL_SPI_Init
 .text.HAL_SPI_TransmitReceive
                0x080055f6      0x238 CMakeFiles/remote_cube_sentry.elf.dir/Drivers/STM32F4xx_HAL_Driver/Src/stm32f4xx_hal_spi.c.obj
                0x080055f6                HAL_SPI_TransmitReceive
 *fill*         0x0800582e        0x2 
 .text.TIM_OC1_SetConfig
                0x08005830       0x68 CMakeFiles/remote_cube_sentry.elf.dir/Drivers/STM32F4xx_HAL_Driver/Src/stm32f4xx_hal_tim.c.obj
 .text.TIM_OC3_SetConfig
                0x08005898       0x70 CMakeFiles/remote_cube_sentry.elf.dir/Drivers/STM32F4xx_HAL_Driver/Src/stm32f4xx_hal_tim.c.obj
 .text.TIM_OC4_SetConfig
                0x08005908       0x50 CMakeFiles/remote_cube_sentry.elf.dir/Drivers/STM32F4xx_HAL_Driver/Src/stm32f4xx_hal_tim.c.obj
 .text.TIM_TI1_ConfigInputStage
                0x08005958       0x26 CMakeFiles/remote_cube_sentry.elf.dir/Drivers/STM32F4xx_HAL_Driver/Src/stm32f4xx_hal_tim.c.obj
 .text.TIM_TI2_ConfigInputStage
                0x0800597e       0x28 CMakeFiles/remote_cube_sentry.elf.dir/Drivers/STM32F4xx_HAL_Driver/Src/stm32f4xx_hal_tim.c.obj
 .text.TIM_ITRx_SetConfig
                0x080059a6       0x10 CMakeFiles/remote_cube_sentry.elf.dir/Drivers/STM32F4xx_HAL_Driver/Src/stm32f4xx_hal_tim.c.obj
 *fill*         0x080059b6        0x2 
 .text.HAL_TIM_Base_Start
                0x080059b8       0x7c CMakeFiles/remote_cube_sentry.elf.dir/Drivers/STM32F4xx_HAL_Driver/Src/stm32f4xx_hal_tim.c.obj
                0x080059b8                HAL_TIM_Base_Start
 .text.HAL_TIM_Base_Start_IT
                0x08005a34       0x88 CMakeFiles/remote_cube_sentry.elf.dir/Drivers/STM32F4xx_HAL_Driver/Src/stm32f4xx_hal_tim.c.obj
                0x08005a34                HAL_TIM_Base_Start_IT
 .text.HAL_TIM_OC_DelayElapsedCallback
                0x08005abc        0x2 CMakeFiles/remote_cube_sentry.elf.dir/Drivers/STM32F4xx_HAL_Driver/Src/stm32f4xx_hal_tim.c.obj
                0x08005abc                HAL_TIM_OC_DelayElapsedCallback
 .text.HAL_TIM_IC_CaptureCallback
                0x08005abe        0x2 CMakeFiles/remote_cube_sentry.elf.dir/Drivers/STM32F4xx_HAL_Driver/Src/stm32f4xx_hal_tim.c.obj
                0x08005abe                HAL_TIM_IC_CaptureCallback
 .text.HAL_TIM_PWM_PulseFinishedCallback
                0x08005ac0        0x2 CMakeFiles/remote_cube_sentry.elf.dir/Drivers/STM32F4xx_HAL_Driver/Src/stm32f4xx_hal_tim.c.obj
                0x08005ac0                HAL_TIM_PWM_PulseFinishedCallback
 .text.HAL_TIM_TriggerCallback
                0x08005ac2        0x2 CMakeFiles/remote_cube_sentry.elf.dir/Drivers/STM32F4xx_HAL_Driver/Src/stm32f4xx_hal_tim.c.obj
                0x08005ac2                HAL_TIM_TriggerCallback
 .text.HAL_TIM_IRQHandler
                0x08005ac4      0x17a CMakeFiles/remote_cube_sentry.elf.dir/Drivers/STM32F4xx_HAL_Driver/Src/stm32f4xx_hal_tim.c.obj
                0x08005ac4                HAL_TIM_IRQHandler
 *fill*         0x08005c3e        0x2 
 .text.TIM_Base_SetConfig
                0x08005c40       0xc8 CMakeFiles/remote_cube_sentry.elf.dir/Drivers/STM32F4xx_HAL_Driver/Src/stm32f4xx_hal_tim.c.obj
                0x08005c40                TIM_Base_SetConfig
 .text.HAL_TIM_Base_Init
                0x08005d08       0x58 CMakeFiles/remote_cube_sentry.elf.dir/Drivers/STM32F4xx_HAL_Driver/Src/stm32f4xx_hal_tim.c.obj
                0x08005d08                HAL_TIM_Base_Init
 .text.HAL_TIM_PWM_Init
                0x08005d60       0x58 CMakeFiles/remote_cube_sentry.elf.dir/Drivers/STM32F4xx_HAL_Driver/Src/stm32f4xx_hal_tim.c.obj
                0x08005d60                HAL_TIM_PWM_Init
 .text.TIM_OC2_SetConfig
                0x08005db8       0x70 CMakeFiles/remote_cube_sentry.elf.dir/Drivers/STM32F4xx_HAL_Driver/Src/stm32f4xx_hal_tim.c.obj
                0x08005db8                TIM_OC2_SetConfig
 .text.HAL_TIM_PWM_ConfigChannel
                0x08005e28       0xdc CMakeFiles/remote_cube_sentry.elf.dir/Drivers/STM32F4xx_HAL_Driver/Src/stm32f4xx_hal_tim.c.obj
                0x08005e28                HAL_TIM_PWM_ConfigChannel
 .text.TIM_ETR_SetConfig
                0x08005f04       0x1a CMakeFiles/remote_cube_sentry.elf.dir/Drivers/STM32F4xx_HAL_Driver/Src/stm32f4xx_hal_tim.c.obj
                0x08005f04                TIM_ETR_SetConfig
 .text.HAL_TIM_ConfigClockSource
                0x08005f1e       0xfe CMakeFiles/remote_cube_sentry.elf.dir/Drivers/STM32F4xx_HAL_Driver/Src/stm32f4xx_hal_tim.c.obj
                0x08005f1e                HAL_TIM_ConfigClockSource
 .text.TIM_CCxChannelCmd
                0x0800601c       0x1e CMakeFiles/remote_cube_sentry.elf.dir/Drivers/STM32F4xx_HAL_Driver/Src/stm32f4xx_hal_tim.c.obj
                0x0800601c                TIM_CCxChannelCmd
 *fill*         0x0800603a        0x2 
 .text.HAL_TIM_PWM_Start
                0x0800603c      0x104 CMakeFiles/remote_cube_sentry.elf.dir/Drivers/STM32F4xx_HAL_Driver/Src/stm32f4xx_hal_tim.c.obj
                0x0800603c                HAL_TIM_PWM_Start
 .text.HAL_TIMEx_MasterConfigSynchronization
                0x08006140       0x8c CMakeFiles/remote_cube_sentry.elf.dir/Drivers/STM32F4xx_HAL_Driver/Src/stm32f4xx_hal_tim_ex.c.obj
                0x08006140                HAL_TIMEx_MasterConfigSynchronization
 .text.HAL_TIMEx_ConfigBreakDeadTime
                0x080061cc       0x52 CMakeFiles/remote_cube_sentry.elf.dir/Drivers/STM32F4xx_HAL_Driver/Src/stm32f4xx_hal_tim_ex.c.obj
                0x080061cc                HAL_TIMEx_ConfigBreakDeadTime
 .text.HAL_TIMEx_CommutCallback
                0x0800621e        0x2 CMakeFiles/remote_cube_sentry.elf.dir/Drivers/STM32F4xx_HAL_Driver/Src/stm32f4xx_hal_tim_ex.c.obj
                0x0800621e                HAL_TIMEx_CommutCallback
 .text.HAL_TIMEx_BreakCallback
                0x08006220        0x2 CMakeFiles/remote_cube_sentry.elf.dir/Drivers/STM32F4xx_HAL_Driver/Src/stm32f4xx_hal_tim_ex.c.obj
                0x08006220                HAL_TIMEx_BreakCallback
 .text.UART_EndTxTransfer
                0x08006222       0x20 CMakeFiles/remote_cube_sentry.elf.dir/Drivers/STM32F4xx_HAL_Driver/Src/stm32f4xx_hal_uart.c.obj
 .text.UART_EndRxTransfer
                0x08006242       0x5c CMakeFiles/remote_cube_sentry.elf.dir/Drivers/STM32F4xx_HAL_Driver/Src/stm32f4xx_hal_uart.c.obj
 *fill*         0x0800629e        0x2 
 .text.UART_SetConfig
                0x080062a0      0x110 CMakeFiles/remote_cube_sentry.elf.dir/Drivers/STM32F4xx_HAL_Driver/Src/stm32f4xx_hal_uart.c.obj
 .text.HAL_UART_Init
                0x080063b0       0x5e CMakeFiles/remote_cube_sentry.elf.dir/Drivers/STM32F4xx_HAL_Driver/Src/stm32f4xx_hal_uart.c.obj
                0x080063b0                HAL_UART_Init
 *fill*         0x0800640e        0x2 
 .text.HAL_UART_Transmit_DMA
                0x08006410       0x9c CMakeFiles/remote_cube_sentry.elf.dir/Drivers/STM32F4xx_HAL_Driver/Src/stm32f4xx_hal_uart.c.obj
                0x08006410                HAL_UART_Transmit_DMA
 .text.HAL_UART_TxCpltCallback
                0x080064ac        0x2 CMakeFiles/remote_cube_sentry.elf.dir/Drivers/STM32F4xx_HAL_Driver/Src/stm32f4xx_hal_uart.c.obj
                0x080064ac                HAL_UART_TxCpltCallback
 .text.UART_DMATransmitCplt
                0x080064ae       0x4c CMakeFiles/remote_cube_sentry.elf.dir/Drivers/STM32F4xx_HAL_Driver/Src/stm32f4xx_hal_uart.c.obj
 .text.HAL_UART_TxHalfCpltCallback
                0x080064fa        0x2 CMakeFiles/remote_cube_sentry.elf.dir/Drivers/STM32F4xx_HAL_Driver/Src/stm32f4xx_hal_uart.c.obj
                0x080064fa                HAL_UART_TxHalfCpltCallback
 .text.UART_DMATxHalfCplt
                0x080064fc        0xa CMakeFiles/remote_cube_sentry.elf.dir/Drivers/STM32F4xx_HAL_Driver/Src/stm32f4xx_hal_uart.c.obj
 .text.HAL_UART_ErrorCallback
                0x08006506        0x2 CMakeFiles/remote_cube_sentry.elf.dir/Drivers/STM32F4xx_HAL_Driver/Src/stm32f4xx_hal_uart.c.obj
                0x08006506                HAL_UART_ErrorCallback
 .text.UART_DMAError
                0x08006508       0x58 CMakeFiles/remote_cube_sentry.elf.dir/Drivers/STM32F4xx_HAL_Driver/Src/stm32f4xx_hal_uart.c.obj
 .text.USB_CoreReset
                0x08006560       0x50 CMakeFiles/remote_cube_sentry.elf.dir/Drivers/STM32F4xx_HAL_Driver/Src/stm32f4xx_ll_usb.c.obj
 .text.USB_CoreInit
                0x080065b0       0x8a CMakeFiles/remote_cube_sentry.elf.dir/Drivers/STM32F4xx_HAL_Driver/Src/stm32f4xx_ll_usb.c.obj
                0x080065b0                USB_CoreInit
 *fill*         0x0800663a        0x2 
 .text.USB_SetTurnaroundTime
                0x0800663c       0xe4 CMakeFiles/remote_cube_sentry.elf.dir/Drivers/STM32F4xx_HAL_Driver/Src/stm32f4xx_ll_usb.c.obj
                0x0800663c                USB_SetTurnaroundTime
 .text.USB_EnableGlobalInt
                0x08006720        0xc CMakeFiles/remote_cube_sentry.elf.dir/Drivers/STM32F4xx_HAL_Driver/Src/stm32f4xx_ll_usb.c.obj
                0x08006720                USB_EnableGlobalInt
 .text.USB_DisableGlobalInt
                0x0800672c        0xc CMakeFiles/remote_cube_sentry.elf.dir/Drivers/STM32F4xx_HAL_Driver/Src/stm32f4xx_ll_usb.c.obj
                0x0800672c                USB_DisableGlobalInt
 .text.USB_FlushTxFifo
                0x08006738       0x50 CMakeFiles/remote_cube_sentry.elf.dir/Drivers/STM32F4xx_HAL_Driver/Src/stm32f4xx_ll_usb.c.obj
                0x08006738                USB_FlushTxFifo
 .text.USB_FlushRxFifo
                0x08006788       0x4c CMakeFiles/remote_cube_sentry.elf.dir/Drivers/STM32F4xx_HAL_Driver/Src/stm32f4xx_ll_usb.c.obj
                0x08006788                USB_FlushRxFifo
 .text.USB_SetDevSpeed
                0x080067d4        0xe CMakeFiles/remote_cube_sentry.elf.dir/Drivers/STM32F4xx_HAL_Driver/Src/stm32f4xx_ll_usb.c.obj
                0x080067d4                USB_SetDevSpeed
 *fill*         0x080067e2        0x2 
 .text.USB_DevInit
                0x080067e4      0x190 CMakeFiles/remote_cube_sentry.elf.dir/Drivers/STM32F4xx_HAL_Driver/Src/stm32f4xx_ll_usb.c.obj
                0x080067e4                USB_DevInit
 .text.USB_GetDevSpeed
                0x08006974       0x22 CMakeFiles/remote_cube_sentry.elf.dir/Drivers/STM32F4xx_HAL_Driver/Src/stm32f4xx_ll_usb.c.obj
                0x08006974                USB_GetDevSpeed
 .text.USB_ActivateEndpoint
                0x08006996       0x9c CMakeFiles/remote_cube_sentry.elf.dir/Drivers/STM32F4xx_HAL_Driver/Src/stm32f4xx_ll_usb.c.obj
                0x08006996                USB_ActivateEndpoint
 *fill*         0x08006a32        0x2 
 .text.USB_DeactivateEndpoint
                0x08006a34       0xe0 CMakeFiles/remote_cube_sentry.elf.dir/Drivers/STM32F4xx_HAL_Driver/Src/stm32f4xx_ll_usb.c.obj
                0x08006a34                USB_DeactivateEndpoint
 .text.USB_EP0StartXfer
                0x08006b14      0x124 CMakeFiles/remote_cube_sentry.elf.dir/Drivers/STM32F4xx_HAL_Driver/Src/stm32f4xx_ll_usb.c.obj
                0x08006b14                USB_EP0StartXfer
 .text.USB_EPStopXfer
                0x08006c38       0xbe CMakeFiles/remote_cube_sentry.elf.dir/Drivers/STM32F4xx_HAL_Driver/Src/stm32f4xx_ll_usb.c.obj
                0x08006c38                USB_EPStopXfer
 .text.USB_WritePacket
                0x08006cf6       0x2e CMakeFiles/remote_cube_sentry.elf.dir/Drivers/STM32F4xx_HAL_Driver/Src/stm32f4xx_ll_usb.c.obj
                0x08006cf6                USB_WritePacket
 .text.USB_EPStartXfer
                0x08006d24      0x234 CMakeFiles/remote_cube_sentry.elf.dir/Drivers/STM32F4xx_HAL_Driver/Src/stm32f4xx_ll_usb.c.obj
                0x08006d24                USB_EPStartXfer
 .text.USB_ReadPacket
                0x08006f58       0x54 CMakeFiles/remote_cube_sentry.elf.dir/Drivers/STM32F4xx_HAL_Driver/Src/stm32f4xx_ll_usb.c.obj
                0x08006f58                USB_ReadPacket
 .text.USB_EPSetStall
                0x08006fac       0x5a CMakeFiles/remote_cube_sentry.elf.dir/Drivers/STM32F4xx_HAL_Driver/Src/stm32f4xx_ll_usb.c.obj
                0x08006fac                USB_EPSetStall
 .text.USB_EPClearStall
                0x08007006       0x5c CMakeFiles/remote_cube_sentry.elf.dir/Drivers/STM32F4xx_HAL_Driver/Src/stm32f4xx_ll_usb.c.obj
                0x08007006                USB_EPClearStall
 .text.USB_SetDevAddress
                0x08007062       0x20 CMakeFiles/remote_cube_sentry.elf.dir/Drivers/STM32F4xx_HAL_Driver/Src/stm32f4xx_ll_usb.c.obj
                0x08007062                USB_SetDevAddress
 .text.USB_DevConnect
                0x08007082       0x1c CMakeFiles/remote_cube_sentry.elf.dir/Drivers/STM32F4xx_HAL_Driver/Src/stm32f4xx_ll_usb.c.obj
                0x08007082                USB_DevConnect
 .text.USB_DevDisconnect
                0x0800709e       0x1c CMakeFiles/remote_cube_sentry.elf.dir/Drivers/STM32F4xx_HAL_Driver/Src/stm32f4xx_ll_usb.c.obj
                0x0800709e                USB_DevDisconnect
 .text.USB_ReadInterrupts
                0x080070ba        0x8 CMakeFiles/remote_cube_sentry.elf.dir/Drivers/STM32F4xx_HAL_Driver/Src/stm32f4xx_ll_usb.c.obj
                0x080070ba                USB_ReadInterrupts
 .text.USB_ReadDevAllOutEpInterrupt
                0x080070c2       0x10 CMakeFiles/remote_cube_sentry.elf.dir/Drivers/STM32F4xx_HAL_Driver/Src/stm32f4xx_ll_usb.c.obj
                0x080070c2                USB_ReadDevAllOutEpInterrupt
 .text.USB_ReadDevAllInEpInterrupt
                0x080070d2       0x10 CMakeFiles/remote_cube_sentry.elf.dir/Drivers/STM32F4xx_HAL_Driver/Src/stm32f4xx_ll_usb.c.obj
                0x080070d2                USB_ReadDevAllInEpInterrupt
 .text.USB_ReadDevOutEPInterrupt
                0x080070e2       0x12 CMakeFiles/remote_cube_sentry.elf.dir/Drivers/STM32F4xx_HAL_Driver/Src/stm32f4xx_ll_usb.c.obj
                0x080070e2                USB_ReadDevOutEPInterrupt
 .text.USB_ReadDevInEPInterrupt
                0x080070f4       0x28 CMakeFiles/remote_cube_sentry.elf.dir/Drivers/STM32F4xx_HAL_Driver/Src/stm32f4xx_ll_usb.c.obj
                0x080070f4                USB_ReadDevInEPInterrupt
 .text.USB_GetMode
                0x0800711c        0x8 CMakeFiles/remote_cube_sentry.elf.dir/Drivers/STM32F4xx_HAL_Driver/Src/stm32f4xx_ll_usb.c.obj
                0x0800711c                USB_GetMode
 .text.USB_SetCurrentMode
                0x08007124       0x62 CMakeFiles/remote_cube_sentry.elf.dir/Drivers/STM32F4xx_HAL_Driver/Src/stm32f4xx_ll_usb.c.obj
                0x08007124                USB_SetCurrentMode
 .text.USB_ActivateSetup
                0x08007186       0x20 CMakeFiles/remote_cube_sentry.elf.dir/Drivers/STM32F4xx_HAL_Driver/Src/stm32f4xx_ll_usb.c.obj
                0x08007186                USB_ActivateSetup
 *fill*         0x080071a6        0x2 
 .text.USB_EP0_OutStart
                0x080071a8       0x60 CMakeFiles/remote_cube_sentry.elf.dir/Drivers/STM32F4xx_HAL_Driver/Src/stm32f4xx_ll_usb.c.obj
                0x080071a8                USB_EP0_OutStart
 .text.USBD_CDC_EP0_RxReady
                0x08007208       0x40 CMakeFiles/remote_cube_sentry.elf.dir/Middlewares/ST/STM32_USB_Device_Library/Class/CDC/Src/usbd_cdc.c.obj
 .text.USBD_CDC_GetDeviceQualifierDescriptor
                0x08007248        0xc CMakeFiles/remote_cube_sentry.elf.dir/Middlewares/ST/STM32_USB_Device_Library/Class/CDC/Src/usbd_cdc.c.obj
                0x08007248                USBD_CDC_GetDeviceQualifierDescriptor
 .text.USBD_CDC_GetOtherSpeedCfgDesc
                0x08007254       0x48 CMakeFiles/remote_cube_sentry.elf.dir/Middlewares/ST/STM32_USB_Device_Library/Class/CDC/Src/usbd_cdc.c.obj
 .text.USBD_CDC_GetFSCfgDesc
                0x0800729c       0x48 CMakeFiles/remote_cube_sentry.elf.dir/Middlewares/ST/STM32_USB_Device_Library/Class/CDC/Src/usbd_cdc.c.obj
 .text.USBD_CDC_GetHSCfgDesc
                0x080072e4       0x48 CMakeFiles/remote_cube_sentry.elf.dir/Middlewares/ST/STM32_USB_Device_Library/Class/CDC/Src/usbd_cdc.c.obj
 .text.USBD_CDC_DataOut
                0x0800732c       0x38 CMakeFiles/remote_cube_sentry.elf.dir/Middlewares/ST/STM32_USB_Device_Library/Class/CDC/Src/usbd_cdc.c.obj
 .text.USBD_CDC_DataIn
                0x08007364       0x7c CMakeFiles/remote_cube_sentry.elf.dir/Middlewares/ST/STM32_USB_Device_Library/Class/CDC/Src/usbd_cdc.c.obj
 .text.USBD_CDC_Setup
                0x080073e0      0x11a CMakeFiles/remote_cube_sentry.elf.dir/Middlewares/ST/STM32_USB_Device_Library/Class/CDC/Src/usbd_cdc.c.obj
 .text.USBD_CDC_DeInit
                0x080074fa       0x64 CMakeFiles/remote_cube_sentry.elf.dir/Middlewares/ST/STM32_USB_Device_Library/Class/CDC/Src/usbd_cdc.c.obj
 .text.USBD_CDC_Init
                0x0800755e       0xee CMakeFiles/remote_cube_sentry.elf.dir/Middlewares/ST/STM32_USB_Device_Library/Class/CDC/Src/usbd_cdc.c.obj
 .text.USBD_CDC_RegisterInterface
                0x0800764c       0x16 CMakeFiles/remote_cube_sentry.elf.dir/Middlewares/ST/STM32_USB_Device_Library/Class/CDC/Src/usbd_cdc.c.obj
                0x0800764c                USBD_CDC_RegisterInterface
 .text.USBD_CDC_SetTxBuffer
                0x08007662       0x1c CMakeFiles/remote_cube_sentry.elf.dir/Middlewares/ST/STM32_USB_Device_Library/Class/CDC/Src/usbd_cdc.c.obj
                0x08007662                USBD_CDC_SetTxBuffer
 .text.USBD_CDC_SetRxBuffer
                0x0800767e       0x18 CMakeFiles/remote_cube_sentry.elf.dir/Middlewares/ST/STM32_USB_Device_Library/Class/CDC/Src/usbd_cdc.c.obj
                0x0800767e                USBD_CDC_SetRxBuffer
 .text.USBD_CDC_TransmitPacket
                0x08007696       0x3a CMakeFiles/remote_cube_sentry.elf.dir/Middlewares/ST/STM32_USB_Device_Library/Class/CDC/Src/usbd_cdc.c.obj
                0x08007696                USBD_CDC_TransmitPacket
 .text.USBD_CDC_ReceivePacket
                0x080076d0       0x38 CMakeFiles/remote_cube_sentry.elf.dir/Middlewares/ST/STM32_USB_Device_Library/Class/CDC/Src/usbd_cdc.c.obj
                0x080076d0                USBD_CDC_ReceivePacket
 .text.USBD_Init
                0x08007708       0x2e CMakeFiles/remote_cube_sentry.elf.dir/Middlewares/ST/STM32_USB_Device_Library/Core/Src/usbd_core.c.obj
                0x08007708                USBD_Init
 .text.USBD_RegisterClass
                0x08007736       0x34 CMakeFiles/remote_cube_sentry.elf.dir/Middlewares/ST/STM32_USB_Device_Library/Core/Src/usbd_core.c.obj
                0x08007736                USBD_RegisterClass
 .text.USBD_Start
                0x0800776a        0x8 CMakeFiles/remote_cube_sentry.elf.dir/Middlewares/ST/STM32_USB_Device_Library/Core/Src/usbd_core.c.obj
                0x0800776a                USBD_Start
 .text.USBD_SetClassConfig
                0x08007772       0x12 CMakeFiles/remote_cube_sentry.elf.dir/Middlewares/ST/STM32_USB_Device_Library/Core/Src/usbd_core.c.obj
                0x08007772                USBD_SetClassConfig
 .text.USBD_ClrClassConfig
                0x08007784       0x12 CMakeFiles/remote_cube_sentry.elf.dir/Middlewares/ST/STM32_USB_Device_Library/Core/Src/usbd_core.c.obj
                0x08007784                USBD_ClrClassConfig
 .text.USBD_LL_SetupStage
                0x08007796       0x58 CMakeFiles/remote_cube_sentry.elf.dir/Middlewares/ST/STM32_USB_Device_Library/Core/Src/usbd_core.c.obj
                0x08007796                USBD_LL_SetupStage
 .text.USBD_LL_Reset
                0x080077ee       0x64 CMakeFiles/remote_cube_sentry.elf.dir/Middlewares/ST/STM32_USB_Device_Library/Core/Src/usbd_core.c.obj
                0x080077ee                USBD_LL_Reset
 .text.USBD_LL_SetSpeed
                0x08007852        0x6 CMakeFiles/remote_cube_sentry.elf.dir/Middlewares/ST/STM32_USB_Device_Library/Core/Src/usbd_core.c.obj
                0x08007852                USBD_LL_SetSpeed
 .text.USBD_LL_Suspend
                0x08007858       0x14 CMakeFiles/remote_cube_sentry.elf.dir/Middlewares/ST/STM32_USB_Device_Library/Core/Src/usbd_core.c.obj
                0x08007858                USBD_LL_Suspend
 .text.USBD_LL_Resume
                0x0800786c       0x1a CMakeFiles/remote_cube_sentry.elf.dir/Middlewares/ST/STM32_USB_Device_Library/Core/Src/usbd_core.c.obj
                0x0800786c                USBD_LL_Resume
 .text.USBD_LL_SOF
                0x08007886       0x22 CMakeFiles/remote_cube_sentry.elf.dir/Middlewares/ST/STM32_USB_Device_Library/Core/Src/usbd_core.c.obj
                0x08007886                USBD_LL_SOF
 .text.USBD_LL_IsoINIncomplete
                0x080078a8       0x2e CMakeFiles/remote_cube_sentry.elf.dir/Middlewares/ST/STM32_USB_Device_Library/Core/Src/usbd_core.c.obj
                0x080078a8                USBD_LL_IsoINIncomplete
 .text.USBD_LL_IsoOUTIncomplete
                0x080078d6       0x2e CMakeFiles/remote_cube_sentry.elf.dir/Middlewares/ST/STM32_USB_Device_Library/Core/Src/usbd_core.c.obj
                0x080078d6                USBD_LL_IsoOUTIncomplete
 .text.USBD_LL_DevConnected
                0x08007904        0x4 CMakeFiles/remote_cube_sentry.elf.dir/Middlewares/ST/STM32_USB_Device_Library/Core/Src/usbd_core.c.obj
                0x08007904                USBD_LL_DevConnected
 .text.USBD_LL_DevDisconnected
                0x08007908       0x20 CMakeFiles/remote_cube_sentry.elf.dir/Middlewares/ST/STM32_USB_Device_Library/Core/Src/usbd_core.c.obj
                0x08007908                USBD_LL_DevDisconnected
 .text.USBD_CoreFindIF
                0x08007928        0x4 CMakeFiles/remote_cube_sentry.elf.dir/Middlewares/ST/STM32_USB_Device_Library/Core/Src/usbd_core.c.obj
                0x08007928                USBD_CoreFindIF
 .text.USBD_CoreFindEP
                0x0800792c        0x4 CMakeFiles/remote_cube_sentry.elf.dir/Middlewares/ST/STM32_USB_Device_Library/Core/Src/usbd_core.c.obj
                0x0800792c                USBD_CoreFindEP
 .text.USBD_LL_DataOutStage
                0x08007930       0xc6 CMakeFiles/remote_cube_sentry.elf.dir/Middlewares/ST/STM32_USB_Device_Library/Core/Src/usbd_core.c.obj
                0x08007930                USBD_LL_DataOutStage
 .text.USBD_LL_DataInStage
                0x080079f6       0xd6 CMakeFiles/remote_cube_sentry.elf.dir/Middlewares/ST/STM32_USB_Device_Library/Core/Src/usbd_core.c.obj
                0x080079f6                USBD_LL_DataInStage
 .text.USBD_GetNextDesc
                0x08007acc        0xe CMakeFiles/remote_cube_sentry.elf.dir/Middlewares/ST/STM32_USB_Device_Library/Core/Src/usbd_core.c.obj
                0x08007acc                USBD_GetNextDesc
 .text.USBD_GetEpDesc
                0x08007ada       0x3e CMakeFiles/remote_cube_sentry.elf.dir/Middlewares/ST/STM32_USB_Device_Library/Core/Src/usbd_core.c.obj
                0x08007ada                USBD_GetEpDesc
 .text.USBD_GetLen
                0x08007b18       0x14 CMakeFiles/remote_cube_sentry.elf.dir/Middlewares/ST/STM32_USB_Device_Library/Core/Src/usbd_ctlreq.c.obj
 .text.USBD_ParseSetupRequest
                0x08007b2c       0x28 CMakeFiles/remote_cube_sentry.elf.dir/Middlewares/ST/STM32_USB_Device_Library/Core/Src/usbd_ctlreq.c.obj
                0x08007b2c                USBD_ParseSetupRequest
 .text.USBD_CtlError
                0x08007b54       0x14 CMakeFiles/remote_cube_sentry.elf.dir/Middlewares/ST/STM32_USB_Device_Library/Core/Src/usbd_ctlreq.c.obj
                0x08007b54                USBD_CtlError
 .text.USBD_GetDescriptor
                0x08007b68      0x18a CMakeFiles/remote_cube_sentry.elf.dir/Middlewares/ST/STM32_USB_Device_Library/Core/Src/usbd_ctlreq.c.obj
 .text.USBD_SetAddress
                0x08007cf2       0x50 CMakeFiles/remote_cube_sentry.elf.dir/Middlewares/ST/STM32_USB_Device_Library/Core/Src/usbd_ctlreq.c.obj
 *fill*         0x08007d42        0x2 
 .text.USBD_SetConfig
                0x08007d44       0xcc CMakeFiles/remote_cube_sentry.elf.dir/Middlewares/ST/STM32_USB_Device_Library/Core/Src/usbd_ctlreq.c.obj
 .text.USBD_GetConfig
                0x08007e10       0x40 CMakeFiles/remote_cube_sentry.elf.dir/Middlewares/ST/STM32_USB_Device_Library/Core/Src/usbd_ctlreq.c.obj
 .text.USBD_GetStatus
                0x08007e50       0x38 CMakeFiles/remote_cube_sentry.elf.dir/Middlewares/ST/STM32_USB_Device_Library/Core/Src/usbd_ctlreq.c.obj
 .text.USBD_SetFeature
                0x08007e88       0x2a CMakeFiles/remote_cube_sentry.elf.dir/Middlewares/ST/STM32_USB_Device_Library/Core/Src/usbd_ctlreq.c.obj
 .text.USBD_ClrFeature
                0x08007eb2       0x26 CMakeFiles/remote_cube_sentry.elf.dir/Middlewares/ST/STM32_USB_Device_Library/Core/Src/usbd_ctlreq.c.obj
 .text.USBD_StdDevReq
                0x08007ed8       0x76 CMakeFiles/remote_cube_sentry.elf.dir/Middlewares/ST/STM32_USB_Device_Library/Core/Src/usbd_ctlreq.c.obj
                0x08007ed8                USBD_StdDevReq
 .text.USBD_StdItfReq
                0x08007f4e       0x84 CMakeFiles/remote_cube_sentry.elf.dir/Middlewares/ST/STM32_USB_Device_Library/Core/Src/usbd_ctlreq.c.obj
                0x08007f4e                USBD_StdItfReq
 .text.USBD_StdEPReq
                0x08007fd2      0x230 CMakeFiles/remote_cube_sentry.elf.dir/Middlewares/ST/STM32_USB_Device_Library/Core/Src/usbd_ctlreq.c.obj
                0x08007fd2                USBD_StdEPReq
 .text.USBD_GetString
                0x08008202       0x3a CMakeFiles/remote_cube_sentry.elf.dir/Middlewares/ST/STM32_USB_Device_Library/Core/Src/usbd_ctlreq.c.obj
                0x08008202                USBD_GetString
 .text.USBD_CtlSendData
                0x0800823c       0x1a CMakeFiles/remote_cube_sentry.elf.dir/Middlewares/ST/STM32_USB_Device_Library/Core/Src/usbd_ioreq.c.obj
                0x0800823c                USBD_CtlSendData
 .text.USBD_CtlContinueSendData
                0x08008256       0x10 CMakeFiles/remote_cube_sentry.elf.dir/Middlewares/ST/STM32_USB_Device_Library/Core/Src/usbd_ioreq.c.obj
                0x08008256                USBD_CtlContinueSendData
 .text.USBD_CtlPrepareRx
                0x08008266       0x1e CMakeFiles/remote_cube_sentry.elf.dir/Middlewares/ST/STM32_USB_Device_Library/Core/Src/usbd_ioreq.c.obj
                0x08008266                USBD_CtlPrepareRx
 .text.USBD_CtlContinueRx
                0x08008284       0x10 CMakeFiles/remote_cube_sentry.elf.dir/Middlewares/ST/STM32_USB_Device_Library/Core/Src/usbd_ioreq.c.obj
                0x08008284                USBD_CtlContinueRx
 .text.USBD_CtlSendStatus
                0x08008294       0x16 CMakeFiles/remote_cube_sentry.elf.dir/Middlewares/ST/STM32_USB_Device_Library/Core/Src/usbd_ioreq.c.obj
                0x08008294                USBD_CtlSendStatus
 .text.USBD_CtlReceiveStatus
                0x080082aa       0x16 CMakeFiles/remote_cube_sentry.elf.dir/Middlewares/ST/STM32_USB_Device_Library/Core/Src/usbd_ioreq.c.obj
                0x080082aa                USBD_CtlReceiveStatus
 .text.makeFreeRtosPriority
                0x080082c0        0xc CMakeFiles/remote_cube_sentry.elf.dir/Middlewares/Third_Party/FreeRTOS/Source/CMSIS_RTOS/cmsis_os.c.obj
 .text.osKernelStart
                0x080082cc        0xa CMakeFiles/remote_cube_sentry.elf.dir/Middlewares/Third_Party/FreeRTOS/Source/CMSIS_RTOS/cmsis_os.c.obj
                0x080082cc                osKernelStart
 .text.osThreadCreate
                0x080082d6       0x6a CMakeFiles/remote_cube_sentry.elf.dir/Middlewares/Third_Party/FreeRTOS/Source/CMSIS_RTOS/cmsis_os.c.obj
                0x080082d6                osThreadCreate
 .text.osDelay  0x08008340        0xe CMakeFiles/remote_cube_sentry.elf.dir/Middlewares/Third_Party/FreeRTOS/Source/CMSIS_RTOS/cmsis_os.c.obj
                0x08008340                osDelay
 .text.vListInitialise
                0x0800834e       0x16 CMakeFiles/remote_cube_sentry.elf.dir/Middlewares/Third_Party/FreeRTOS/Source/list.c.obj
                0x0800834e                vListInitialise
 .text.vListInitialiseItem
                0x08008364        0x6 CMakeFiles/remote_cube_sentry.elf.dir/Middlewares/Third_Party/FreeRTOS/Source/list.c.obj
                0x08008364                vListInitialiseItem
 .text.vListInsertEnd
                0x0800836a       0x16 CMakeFiles/remote_cube_sentry.elf.dir/Middlewares/Third_Party/FreeRTOS/Source/list.c.obj
                0x0800836a                vListInsertEnd
 .text.vListInsert
                0x08008380       0x32 CMakeFiles/remote_cube_sentry.elf.dir/Middlewares/Third_Party/FreeRTOS/Source/list.c.obj
                0x08008380                vListInsert
 .text.uxListRemove
                0x080083b2       0x26 CMakeFiles/remote_cube_sentry.elf.dir/Middlewares/Third_Party/FreeRTOS/Source/list.c.obj
                0x080083b2                uxListRemove
 .text.prvTaskExitError
                0x080083d8       0x40 CMakeFiles/remote_cube_sentry.elf.dir/Middlewares/Third_Party/FreeRTOS/Source/portable/GCC/ARM_CM4F/port.c.obj
 .text.prvPortStartFirstTask
                0x08008418       0x28 CMakeFiles/remote_cube_sentry.elf.dir/Middlewares/Third_Party/FreeRTOS/Source/portable/GCC/ARM_CM4F/port.c.obj
 .text.vPortEnableVFP
                0x08008440       0x14 CMakeFiles/remote_cube_sentry.elf.dir/Middlewares/Third_Party/FreeRTOS/Source/portable/GCC/ARM_CM4F/port.c.obj
 .text.pxPortInitialiseStack
                0x08008454       0x2c CMakeFiles/remote_cube_sentry.elf.dir/Middlewares/Third_Party/FreeRTOS/Source/portable/GCC/ARM_CM4F/port.c.obj
                0x08008454                pxPortInitialiseStack
 .text.SVC_Handler
                0x08008480       0x24 CMakeFiles/remote_cube_sentry.elf.dir/Middlewares/Third_Party/FreeRTOS/Source/portable/GCC/ARM_CM4F/port.c.obj
                0x08008480                SVC_Handler
 .text.vPortEnterCritical
                0x080084a4       0x44 CMakeFiles/remote_cube_sentry.elf.dir/Middlewares/Third_Party/FreeRTOS/Source/portable/GCC/ARM_CM4F/port.c.obj
                0x080084a4                vPortEnterCritical
 .text.vPortExitCritical
                0x080084e8       0x2c CMakeFiles/remote_cube_sentry.elf.dir/Middlewares/Third_Party/FreeRTOS/Source/portable/GCC/ARM_CM4F/port.c.obj
                0x080084e8                vPortExitCritical
 *fill*         0x08008514        0xc 
 .text.PendSV_Handler
                0x08008520       0x64 CMakeFiles/remote_cube_sentry.elf.dir/Middlewares/Third_Party/FreeRTOS/Source/portable/GCC/ARM_CM4F/port.c.obj
                0x08008520                PendSV_Handler
 .text.SysTick_Handler
                0x08008584       0x2c CMakeFiles/remote_cube_sentry.elf.dir/Middlewares/Third_Party/FreeRTOS/Source/portable/GCC/ARM_CM4F/port.c.obj
                0x08008584                SysTick_Handler
 .text.vPortSetupTimerInterrupt
                0x080085b0       0x28 CMakeFiles/remote_cube_sentry.elf.dir/Middlewares/Third_Party/FreeRTOS/Source/portable/GCC/ARM_CM4F/port.c.obj
                0x080085b0                vPortSetupTimerInterrupt
 .text.xPortStartScheduler
                0x080085d8      0x118 CMakeFiles/remote_cube_sentry.elf.dir/Middlewares/Third_Party/FreeRTOS/Source/portable/GCC/ARM_CM4F/port.c.obj
                0x080085d8                xPortStartScheduler
 .text.vPortValidateInterruptPriority
                0x080086f0       0x5c CMakeFiles/remote_cube_sentry.elf.dir/Middlewares/Third_Party/FreeRTOS/Source/portable/GCC/ARM_CM4F/port.c.obj
                0x080086f0                vPortValidateInterruptPriority
 .text.prvHeapInit
                0x0800874c       0x64 CMakeFiles/remote_cube_sentry.elf.dir/Middlewares/Third_Party/FreeRTOS/Source/portable/MemMang/heap_4.c.obj
 .text.prvInsertBlockIntoFreeList
                0x080087b0       0x64 CMakeFiles/remote_cube_sentry.elf.dir/Middlewares/Third_Party/FreeRTOS/Source/portable/MemMang/heap_4.c.obj
 .text.pvPortMalloc
                0x08008814       0xfc CMakeFiles/remote_cube_sentry.elf.dir/Middlewares/Third_Party/FreeRTOS/Source/portable/MemMang/heap_4.c.obj
                0x08008814                pvPortMalloc
 .text.vPortFree
                0x08008910       0x7c CMakeFiles/remote_cube_sentry.elf.dir/Middlewares/Third_Party/FreeRTOS/Source/portable/MemMang/heap_4.c.obj
                0x08008910                vPortFree
 .text.prvIsQueueEmpty
                0x0800898c       0x1a CMakeFiles/remote_cube_sentry.elf.dir/Middlewares/Third_Party/FreeRTOS/Source/queue.c.obj
 .text.prvCopyDataFromQueue
                0x080089a6       0x24 CMakeFiles/remote_cube_sentry.elf.dir/Middlewares/Third_Party/FreeRTOS/Source/queue.c.obj
 .text.prvUnlockQueue
                0x080089ca       0x6e CMakeFiles/remote_cube_sentry.elf.dir/Middlewares/Third_Party/FreeRTOS/Source/queue.c.obj
 .text.xQueueGenericReset
                0x08008a38       0x84 CMakeFiles/remote_cube_sentry.elf.dir/Middlewares/Third_Party/FreeRTOS/Source/queue.c.obj
                0x08008a38                xQueueGenericReset
 .text.prvInitialiseNewQueue
                0x08008abc       0x1c CMakeFiles/remote_cube_sentry.elf.dir/Middlewares/Third_Party/FreeRTOS/Source/queue.c.obj
 .text.xQueueGenericCreate
                0x08008ad8       0x48 CMakeFiles/remote_cube_sentry.elf.dir/Middlewares/Third_Party/FreeRTOS/Source/queue.c.obj
                0x08008ad8                xQueueGenericCreate
 .text.xQueueReceive
                0x08008b20      0x15e CMakeFiles/remote_cube_sentry.elf.dir/Middlewares/Third_Party/FreeRTOS/Source/queue.c.obj
                0x08008b20                xQueueReceive
 .text.prvSearchForNameWithinSingleList
                0x08008c7e       0x64 CMakeFiles/remote_cube_sentry.elf.dir/Middlewares/Third_Party/FreeRTOS/Source/tasks.c.obj
 *fill*         0x08008ce2        0x2 
 .text.prvResetNextTaskUnblockTime
                0x08008ce4       0x2c CMakeFiles/remote_cube_sentry.elf.dir/Middlewares/Third_Party/FreeRTOS/Source/tasks.c.obj
 .text.prvInitialiseNewTask
                0x08008d10      0x102 CMakeFiles/remote_cube_sentry.elf.dir/Middlewares/Third_Party/FreeRTOS/Source/tasks.c.obj
 *fill*         0x08008e12        0x2 
 .text.prvInitialiseTaskLists
                0x08008e14       0x68 CMakeFiles/remote_cube_sentry.elf.dir/Middlewares/Third_Party/FreeRTOS/Source/tasks.c.obj
 .text.prvAddNewTaskToReadyList
                0x08008e7c       0xa8 CMakeFiles/remote_cube_sentry.elf.dir/Middlewares/Third_Party/FreeRTOS/Source/tasks.c.obj
 .text.prvDeleteTCB
                0x08008f24       0x40 CMakeFiles/remote_cube_sentry.elf.dir/Middlewares/Third_Party/FreeRTOS/Source/tasks.c.obj
 .text.prvCheckTasksWaitingTermination
                0x08008f64       0x4c CMakeFiles/remote_cube_sentry.elf.dir/Middlewares/Third_Party/FreeRTOS/Source/tasks.c.obj
 .text.prvIdleTask
                0x08008fb0       0x28 CMakeFiles/remote_cube_sentry.elf.dir/Middlewares/Third_Party/FreeRTOS/Source/tasks.c.obj
 .text.prvAddCurrentTaskToDelayedList
                0x08008fd8       0xa0 CMakeFiles/remote_cube_sentry.elf.dir/Middlewares/Third_Party/FreeRTOS/Source/tasks.c.obj
 .text.xTaskCreateStatic
                0x08009078       0x7a CMakeFiles/remote_cube_sentry.elf.dir/Middlewares/Third_Party/FreeRTOS/Source/tasks.c.obj
                0x08009078                xTaskCreateStatic
 .text.xTaskCreate
                0x080090f2       0x6a CMakeFiles/remote_cube_sentry.elf.dir/Middlewares/Third_Party/FreeRTOS/Source/tasks.c.obj
                0x080090f2                xTaskCreate
 .text.vTaskStartScheduler
                0x0800915c       0x84 CMakeFiles/remote_cube_sentry.elf.dir/Middlewares/Third_Party/FreeRTOS/Source/tasks.c.obj
                0x0800915c                vTaskStartScheduler
 .text.vTaskSuspendAll
                0x080091e0       0x10 CMakeFiles/remote_cube_sentry.elf.dir/Middlewares/Third_Party/FreeRTOS/Source/tasks.c.obj
                0x080091e0                vTaskSuspendAll
 .text.xTaskGetTickCount
                0x080091f0        0xc CMakeFiles/remote_cube_sentry.elf.dir/Middlewares/Third_Party/FreeRTOS/Source/tasks.c.obj
                0x080091f0                xTaskGetTickCount
 .text.pcTaskGetName
                0x080091fc       0x28 CMakeFiles/remote_cube_sentry.elf.dir/Middlewares/Third_Party/FreeRTOS/Source/tasks.c.obj
                0x080091fc                pcTaskGetName
 .text.xTaskIncrementTick
                0x08009224      0x118 CMakeFiles/remote_cube_sentry.elf.dir/Middlewares/Third_Party/FreeRTOS/Source/tasks.c.obj
                0x08009224                xTaskIncrementTick
 .text.xTaskResumeAll
                0x0800933c       0xf8 CMakeFiles/remote_cube_sentry.elf.dir/Middlewares/Third_Party/FreeRTOS/Source/tasks.c.obj
                0x0800933c                xTaskResumeAll
 .text.vTaskDelay
                0x08009434       0x4c CMakeFiles/remote_cube_sentry.elf.dir/Middlewares/Third_Party/FreeRTOS/Source/tasks.c.obj
                0x08009434                vTaskDelay
 .text.xTaskGetHandle
                0x08009480       0x98 CMakeFiles/remote_cube_sentry.elf.dir/Middlewares/Third_Party/FreeRTOS/Source/tasks.c.obj
                0x08009480                xTaskGetHandle
 .text.vTaskSwitchContext
                0x08009518       0xa4 CMakeFiles/remote_cube_sentry.elf.dir/Middlewares/Third_Party/FreeRTOS/Source/tasks.c.obj
                0x08009518                vTaskSwitchContext
 .text.vTaskPlaceOnEventList
                0x080095bc       0x30 CMakeFiles/remote_cube_sentry.elf.dir/Middlewares/Third_Party/FreeRTOS/Source/tasks.c.obj
                0x080095bc                vTaskPlaceOnEventList
 .text.xTaskRemoveFromEventList
                0x080095ec       0x8c CMakeFiles/remote_cube_sentry.elf.dir/Middlewares/Third_Party/FreeRTOS/Source/tasks.c.obj
                0x080095ec                xTaskRemoveFromEventList
 .text.vTaskInternalSetTimeOutState
                0x08009678       0x18 CMakeFiles/remote_cube_sentry.elf.dir/Middlewares/Third_Party/FreeRTOS/Source/tasks.c.obj
                0x08009678                vTaskInternalSetTimeOutState
 .text.xTaskCheckForTimeOut
                0x08009690       0xa0 CMakeFiles/remote_cube_sentry.elf.dir/Middlewares/Third_Party/FreeRTOS/Source/tasks.c.obj
                0x08009690                xTaskCheckForTimeOut
 .text.vTaskMissedYield
                0x08009730        0xc CMakeFiles/remote_cube_sentry.elf.dir/Middlewares/Third_Party/FreeRTOS/Source/tasks.c.obj
                0x08009730                vTaskMissedYield
 .text.xTaskGetSchedulerState
                0x0800973c       0x20 CMakeFiles/remote_cube_sentry.elf.dir/Middlewares/Third_Party/FreeRTOS/Source/tasks.c.obj
                0x0800973c                xTaskGetSchedulerState
 .text.ulTaskNotifyTake
                0x0800975c       0x80 CMakeFiles/remote_cube_sentry.elf.dir/Middlewares/Third_Party/FreeRTOS/Source/tasks.c.obj
                0x0800975c                ulTaskNotifyTake
 .text.vTaskNotifyGiveFromISR
                0x080097dc       0xd4 CMakeFiles/remote_cube_sentry.elf.dir/Middlewares/Third_Party/FreeRTOS/Source/tasks.c.obj
                0x080097dc                vTaskNotifyGiveFromISR
 .text.MX_USB_DEVICE_Init
                0x080098b0       0x54 CMakeFiles/remote_cube_sentry.elf.dir/USB_DEVICE/App/usb_device.c.obj
                0x080098b0                MX_USB_DEVICE_Init
 .text.CDC_DeInit_FS
                0x08009904        0x4 CMakeFiles/remote_cube_sentry.elf.dir/USB_DEVICE/App/usbd_cdc_if.c.obj
 .text.CDC_Control_FS
                0x08009908        0x4 CMakeFiles/remote_cube_sentry.elf.dir/USB_DEVICE/App/usbd_cdc_if.c.obj
 .text.CDC_TransmitCplt_FS
                0x0800990c        0x4 CMakeFiles/remote_cube_sentry.elf.dir/USB_DEVICE/App/usbd_cdc_if.c.obj
 .text.CDC_Receive_FS
                0x08009910       0x24 CMakeFiles/remote_cube_sentry.elf.dir/USB_DEVICE/App/usbd_cdc_if.c.obj
 .text.CDC_Init_FS
                0x08009934       0x28 CMakeFiles/remote_cube_sentry.elf.dir/USB_DEVICE/App/usbd_cdc_if.c.obj
 .text.CDC_Transmit_FS
                0x0800995c       0x2c CMakeFiles/remote_cube_sentry.elf.dir/USB_DEVICE/App/usbd_cdc_if.c.obj
                0x0800995c                CDC_Transmit_FS
 .text.USBD_FS_DeviceDescriptor
                0x08009988        0xc CMakeFiles/remote_cube_sentry.elf.dir/USB_DEVICE/App/usbd_desc.c.obj
                0x08009988                USBD_FS_DeviceDescriptor
 .text.USBD_FS_LangIDStrDescriptor
                0x08009994        0xc CMakeFiles/remote_cube_sentry.elf.dir/USB_DEVICE/App/usbd_desc.c.obj
                0x08009994                USBD_FS_LangIDStrDescriptor
 .text.IntToUnicode
                0x080099a0       0x46 CMakeFiles/remote_cube_sentry.elf.dir/USB_DEVICE/App/usbd_desc.c.obj
 *fill*         0x080099e6        0x2 
 .text.Get_SerialNum
                0x080099e8       0x38 CMakeFiles/remote_cube_sentry.elf.dir/USB_DEVICE/App/usbd_desc.c.obj
 .text.USBD_FS_SerialStrDescriptor
                0x08009a20       0x14 CMakeFiles/remote_cube_sentry.elf.dir/USB_DEVICE/App/usbd_desc.c.obj
                0x08009a20                USBD_FS_SerialStrDescriptor
 .text.USBD_FS_ProductStrDescriptor
                0x08009a34       0x24 CMakeFiles/remote_cube_sentry.elf.dir/USB_DEVICE/App/usbd_desc.c.obj
                0x08009a34                USBD_FS_ProductStrDescriptor
 .text.USBD_FS_ManufacturerStrDescriptor
                0x08009a58       0x1c CMakeFiles/remote_cube_sentry.elf.dir/USB_DEVICE/App/usbd_desc.c.obj
                0x08009a58                USBD_FS_ManufacturerStrDescriptor
 .text.USBD_FS_ConfigStrDescriptor
                0x08009a74       0x24 CMakeFiles/remote_cube_sentry.elf.dir/USB_DEVICE/App/usbd_desc.c.obj
                0x08009a74                USBD_FS_ConfigStrDescriptor
 .text.USBD_FS_InterfaceStrDescriptor
                0x08009a98       0x24 CMakeFiles/remote_cube_sentry.elf.dir/USB_DEVICE/App/usbd_desc.c.obj
                0x08009a98                USBD_FS_InterfaceStrDescriptor
 .text.HAL_PCD_MspInit
                0x08009abc       0x84 CMakeFiles/remote_cube_sentry.elf.dir/USB_DEVICE/Target/usbd_conf.c.obj
                0x08009abc                HAL_PCD_MspInit
 .text.HAL_PCD_SetupStageCallback
                0x08009b40       0x10 CMakeFiles/remote_cube_sentry.elf.dir/USB_DEVICE/Target/usbd_conf.c.obj
                0x08009b40                HAL_PCD_SetupStageCallback
 .text.HAL_PCD_DataOutStageCallback
                0x08009b50       0x18 CMakeFiles/remote_cube_sentry.elf.dir/USB_DEVICE/Target/usbd_conf.c.obj
                0x08009b50                HAL_PCD_DataOutStageCallback
 .text.HAL_PCD_DataInStageCallback
                0x08009b68       0x16 CMakeFiles/remote_cube_sentry.elf.dir/USB_DEVICE/Target/usbd_conf.c.obj
                0x08009b68                HAL_PCD_DataInStageCallback
 .text.HAL_PCD_SOFCallback
                0x08009b7e        0xc CMakeFiles/remote_cube_sentry.elf.dir/USB_DEVICE/Target/usbd_conf.c.obj
                0x08009b7e                HAL_PCD_SOFCallback
 .text.HAL_PCD_ResetCallback
                0x08009b8a       0x2c CMakeFiles/remote_cube_sentry.elf.dir/USB_DEVICE/Target/usbd_conf.c.obj
                0x08009b8a                HAL_PCD_ResetCallback
 *fill*         0x08009bb6        0x2 
 .text.HAL_PCD_SuspendCallback
                0x08009bb8       0x30 CMakeFiles/remote_cube_sentry.elf.dir/USB_DEVICE/Target/usbd_conf.c.obj
                0x08009bb8                HAL_PCD_SuspendCallback
 .text.HAL_PCD_ResumeCallback
                0x08009be8        0xc CMakeFiles/remote_cube_sentry.elf.dir/USB_DEVICE/Target/usbd_conf.c.obj
                0x08009be8                HAL_PCD_ResumeCallback
 .text.HAL_PCD_ISOOUTIncompleteCallback
                0x08009bf4        0xc CMakeFiles/remote_cube_sentry.elf.dir/USB_DEVICE/Target/usbd_conf.c.obj
                0x08009bf4                HAL_PCD_ISOOUTIncompleteCallback
 .text.HAL_PCD_ISOINIncompleteCallback
                0x08009c00        0xc CMakeFiles/remote_cube_sentry.elf.dir/USB_DEVICE/Target/usbd_conf.c.obj
                0x08009c00                HAL_PCD_ISOINIncompleteCallback
 .text.HAL_PCD_ConnectCallback
                0x08009c0c        0xc CMakeFiles/remote_cube_sentry.elf.dir/USB_DEVICE/Target/usbd_conf.c.obj
                0x08009c0c                HAL_PCD_ConnectCallback
 .text.HAL_PCD_DisconnectCallback
                0x08009c18        0xc CMakeFiles/remote_cube_sentry.elf.dir/USB_DEVICE/Target/usbd_conf.c.obj
                0x08009c18                HAL_PCD_DisconnectCallback
 .text.USBD_LL_Init
                0x08009c24       0x68 CMakeFiles/remote_cube_sentry.elf.dir/USB_DEVICE/Target/usbd_conf.c.obj
                0x08009c24                USBD_LL_Init
 .text.USBD_LL_IsStallEP
                0x08009c8c       0x2e CMakeFiles/remote_cube_sentry.elf.dir/USB_DEVICE/Target/usbd_conf.c.obj
                0x08009c8c                USBD_LL_IsStallEP
 .text.USBD_LL_GetRxDataSize
                0x08009cba        0xc CMakeFiles/remote_cube_sentry.elf.dir/USB_DEVICE/Target/usbd_conf.c.obj
                0x08009cba                USBD_LL_GetRxDataSize
 *fill*         0x08009cc6        0x2 
 .text.USBD_static_malloc
                0x08009cc8        0x8 CMakeFiles/remote_cube_sentry.elf.dir/USB_DEVICE/Target/usbd_conf.c.obj
                0x08009cc8                USBD_static_malloc
 .text.USBD_static_free
                0x08009cd0        0x2 CMakeFiles/remote_cube_sentry.elf.dir/USB_DEVICE/Target/usbd_conf.c.obj
                0x08009cd0                USBD_static_free
 .text.USBD_Get_USB_Status
                0x08009cd2       0x14 CMakeFiles/remote_cube_sentry.elf.dir/USB_DEVICE/Target/usbd_conf.c.obj
                0x08009cd2                USBD_Get_USB_Status
 .text.USBD_LL_Start
                0x08009ce6       0x10 CMakeFiles/remote_cube_sentry.elf.dir/USB_DEVICE/Target/usbd_conf.c.obj
                0x08009ce6                USBD_LL_Start
 .text.USBD_LL_OpenEP
                0x08009cf6       0x16 CMakeFiles/remote_cube_sentry.elf.dir/USB_DEVICE/Target/usbd_conf.c.obj
                0x08009cf6                USBD_LL_OpenEP
 .text.USBD_LL_CloseEP
                0x08009d0c       0x10 CMakeFiles/remote_cube_sentry.elf.dir/USB_DEVICE/Target/usbd_conf.c.obj
                0x08009d0c                USBD_LL_CloseEP
 .text.USBD_LL_StallEP
                0x08009d1c       0x10 CMakeFiles/remote_cube_sentry.elf.dir/USB_DEVICE/Target/usbd_conf.c.obj
                0x08009d1c                USBD_LL_StallEP
 .text.USBD_LL_ClearStallEP
                0x08009d2c       0x10 CMakeFiles/remote_cube_sentry.elf.dir/USB_DEVICE/Target/usbd_conf.c.obj